Archive member included to satisfy reference by file (symbol)

/opt/gcc-arm-none-eabi-10.3-2021.10/bin/../lib/gcc/arm-none-eabi/10.3.1/../../../../arm-none-eabi/lib/thumb/v7-m/nofp/libg.a(lib_a-errno.o)
                              CMakeFiles/magn.elf.dir/Core/Src/syscalls.c.obj (__errno)
/opt/gcc-arm-none-eabi-10.3-2021.10/bin/../lib/gcc/arm-none-eabi/10.3.1/../../../../arm-none-eabi/lib/thumb/v7-m/nofp/libg.a(lib_a-exit.o)
                              /opt/gcc-arm-none-eabi-10.3-2021.10/bin/../lib/gcc/arm-none-eabi/10.3.1/../../../../arm-none-eabi/lib/thumb/v7-m/nofp/crt0.o (exit)
/opt/gcc-arm-none-eabi-10.3-2021.10/bin/../lib/gcc/arm-none-eabi/10.3.1/../../../../arm-none-eabi/lib/thumb/v7-m/nofp/libg.a(lib_a-impure.o)
                              /opt/gcc-arm-none-eabi-10.3-2021.10/bin/../lib/gcc/arm-none-eabi/10.3.1/../../../../arm-none-eabi/lib/thumb/v7-m/nofp/libg.a(lib_a-exit.o) (_global_impure_ptr)
/opt/gcc-arm-none-eabi-10.3-2021.10/bin/../lib/gcc/arm-none-eabi/10.3.1/../../../../arm-none-eabi/lib/thumb/v7-m/nofp/libg.a(lib_a-init.o)
                              /opt/gcc-arm-none-eabi-10.3-2021.10/bin/../lib/gcc/arm-none-eabi/10.3.1/../../../../arm-none-eabi/lib/thumb/v7-m/nofp/crt0.o (__libc_init_array)
/opt/gcc-arm-none-eabi-10.3-2021.10/bin/../lib/gcc/arm-none-eabi/10.3.1/../../../../arm-none-eabi/lib/thumb/v7-m/nofp/libg.a(lib_a-memcpy.o)
                              CMakeFiles/magn.elf.dir/Middlewares/Third_Party/FreeRTOS/Source/CMSIS_RTOS_V2/cmsis_os2.c.obj (memcpy)
/opt/gcc-arm-none-eabi-10.3-2021.10/bin/../lib/gcc/arm-none-eabi/10.3.1/../../../../arm-none-eabi/lib/thumb/v7-m/nofp/libg.a(lib_a-memset.o)
                              /opt/gcc-arm-none-eabi-10.3-2021.10/bin/../lib/gcc/arm-none-eabi/10.3.1/../../../../arm-none-eabi/lib/thumb/v7-m/nofp/crt0.o (memset)
/opt/gcc-arm-none-eabi-10.3-2021.10/bin/../lib/gcc/arm-none-eabi/10.3.1/../../../../arm-none-eabi/lib/thumb/v7-m/nofp/libg.a(lib_a-reent.o)
                              CMakeFiles/magn.elf.dir/Middlewares/Third_Party/FreeRTOS/Source/tasks.c.obj (_reclaim_reent)
/opt/gcc-arm-none-eabi-10.3-2021.10/bin/../lib/gcc/arm-none-eabi/10.3.1/../../../../arm-none-eabi/lib/thumb/v7-m/nofp/libg.a(lib_a-strlen-stub.o)
                              CMakeFiles/magn.elf.dir/Middlewares/Third_Party/FreeRTOS-Plus-CLI/FreeRTOS_CLI.c.obj (strlen)
/opt/gcc-arm-none-eabi-10.3-2021.10/bin/../lib/gcc/arm-none-eabi/10.3.1/../../../../arm-none-eabi/lib/thumb/v7-m/nofp/libg.a(lib_a-strncmp.o)
                              CMakeFiles/magn.elf.dir/Middlewares/Third_Party/FreeRTOS-Plus-CLI/FreeRTOS_CLI.c.obj (strncmp)
/opt/gcc-arm-none-eabi-10.3-2021.10/bin/../lib/gcc/arm-none-eabi/10.3.1/../../../../arm-none-eabi/lib/thumb/v7-m/nofp/libg.a(lib_a-strncpy.o)
                              CMakeFiles/magn.elf.dir/Middlewares/Third_Party/FreeRTOS-Plus-CLI/FreeRTOS_CLI.c.obj (strncpy)
/opt/gcc-arm-none-eabi-10.3-2021.10/bin/../lib/gcc/arm-none-eabi/10.3.1/../../../../arm-none-eabi/lib/thumb/v7-m/nofp/libg.a(lib_a-__call_atexit.o)
                              /opt/gcc-arm-none-eabi-10.3-2021.10/bin/../lib/gcc/arm-none-eabi/10.3.1/../../../../arm-none-eabi/lib/thumb/v7-m/nofp/libg.a(lib_a-exit.o) (__call_exitprocs)
/opt/gcc-arm-none-eabi-10.3-2021.10/bin/../lib/gcc/arm-none-eabi/10.3.1/../../../../arm-none-eabi/lib/thumb/v7-m/nofp/libg.a(lib_a-atexit.o)
                              /opt/gcc-arm-none-eabi-10.3-2021.10/bin/../lib/gcc/arm-none-eabi/10.3.1/../../../../arm-none-eabi/lib/thumb/v7-m/nofp/libg.a(lib_a-__call_atexit.o) (atexit)
/opt/gcc-arm-none-eabi-10.3-2021.10/bin/../lib/gcc/arm-none-eabi/10.3.1/../../../../arm-none-eabi/lib/thumb/v7-m/nofp/libg.a(lib_a-fini.o)
                              /opt/gcc-arm-none-eabi-10.3-2021.10/bin/../lib/gcc/arm-none-eabi/10.3.1/../../../../arm-none-eabi/lib/thumb/v7-m/nofp/libg.a(lib_a-__call_atexit.o) (__libc_fini_array)
/opt/gcc-arm-none-eabi-10.3-2021.10/bin/../lib/gcc/arm-none-eabi/10.3.1/../../../../arm-none-eabi/lib/thumb/v7-m/nofp/libg.a(lib_a-freer.o)
                              /opt/gcc-arm-none-eabi-10.3-2021.10/bin/../lib/gcc/arm-none-eabi/10.3.1/../../../../arm-none-eabi/lib/thumb/v7-m/nofp/libg.a(lib_a-reent.o) (_free_r)
/opt/gcc-arm-none-eabi-10.3-2021.10/bin/../lib/gcc/arm-none-eabi/10.3.1/../../../../arm-none-eabi/lib/thumb/v7-m/nofp/libg.a(lib_a-lock.o)
                              /opt/gcc-arm-none-eabi-10.3-2021.10/bin/../lib/gcc/arm-none-eabi/10.3.1/../../../../arm-none-eabi/lib/thumb/v7-m/nofp/libg.a(lib_a-__call_atexit.o) (__retarget_lock_acquire_recursive)
/opt/gcc-arm-none-eabi-10.3-2021.10/bin/../lib/gcc/arm-none-eabi/10.3.1/../../../../arm-none-eabi/lib/thumb/v7-m/nofp/libg.a(lib_a-mallocr.o)
                              /opt/gcc-arm-none-eabi-10.3-2021.10/bin/../lib/gcc/arm-none-eabi/10.3.1/../../../../arm-none-eabi/lib/thumb/v7-m/nofp/libg.a(lib_a-freer.o) (__malloc_current_mallinfo)
[...]
Memory Configuration

Name             Origin             Length             Attributes
RAM              0x0000000020000000 0x0000000000010000 xrw
FLASH            0x0000000008000000 0x0000000000080000 xr
*default*        0x0000000000000000 0xffffffffffffffff

Linker script and memory map

LOAD /opt/gcc-arm-none-eabi-10.3-2021.10/bin/../lib/gcc/arm-none-eabi/10.3.1/thumb/v7-m/nofp/crti.o
LOAD /opt/gcc-arm-none-eabi-10.3-2021.10/bin/../lib/gcc/arm-none-eabi/10.3.1/thumb/v7-m/nofp/crtbegin.o
LOAD /opt/gcc-arm-none-eabi-10.3-2021.10/bin/../lib/gcc/arm-none-eabi/10.3.1/../../../../arm-none-eabi/lib/thumb/v7-m/nofp/crt0.o
LOAD CMakeFiles/magn.elf.dir/Core/Src/freertos.c.obj
LOAD CMakeFiles/magn.elf.dir/Core/Src/gpio.c.obj
LOAD CMakeFiles/magn.elf.dir/Core/Src/i2c.c.obj
LOAD CMakeFiles/magn.elf.dir/Core/Src/main.c.obj
LOAD CMakeFiles/magn.elf.dir/Core/Src/stm32f1xx_hal_msp.c.obj
LOAD CMakeFiles/magn.elf.dir/Core/Src/stm32f1xx_hal_timebase_tim.c.obj
LOAD CMakeFiles/magn.elf.dir/Core/Src/stm32f1xx_it.c.obj
LOAD CMakeFiles/magn.elf.dir/Core/Src/syscalls.c.obj
LOAD CMakeFiles/magn.elf.dir/Core/Src/sysmem.c.obj
LOAD CMakeFiles/magn.elf.dir/Core/Src/system_stm32f1xx.c.obj
LOAD CMakeFiles/magn.elf.dir/Core/Src/usart.c.obj
LOAD CMakeFiles/magn.elf.dir/Core/Startup/startup_stm32f103retx.s.obj
LOAD CMakeFiles/magn.elf.dir/Drivers/STM32F1xx_HAL_Driver/Src/stm32f1xx_hal.c.obj
LOAD CMakeFiles/magn.elf.dir/Drivers/STM32F1xx_HAL_Driver/Src/stm32f1xx_hal_cortex.c.obj
LOAD CMakeFiles/magn.elf.dir/Drivers/STM32F1xx_HAL_Driver/Src/stm32f1xx_hal_dma.c.obj
LOAD CMakeFiles/magn.elf.dir/Drivers/STM32F1xx_HAL_Driver/Src/stm32f1xx_hal_exti.c.obj
LOAD CMakeFiles/magn.elf.dir/Drivers/STM32F1xx_HAL_Driver/Src/stm32f1xx_hal_flash.c.obj
LOAD CMakeFiles/magn.elf.dir/Drivers/STM32F1xx_HAL_Driver/Src/stm32f1xx_hal_flash_ex.c.obj
LOAD CMakeFiles/magn.elf.dir/Drivers/STM32F1xx_HAL_Driver/Src/stm32f1xx_hal_gpio.c.obj
LOAD CMakeFiles/magn.elf.dir/Drivers/STM32F1xx_HAL_Driver/Src/stm32f1xx_hal_gpio_ex.c.obj
LOAD CMakeFiles/magn.elf.dir/Drivers/STM32F1xx_HAL_Driver/Src/stm32f1xx_hal_i2c.c.obj
LOAD CMakeFiles/magn.elf.dir/Drivers/STM32F1xx_HAL_Driver/Src/stm32f1xx_hal_pwr.c.obj
LOAD CMakeFiles/magn.elf.dir/Drivers/STM32F1xx_HAL_Driver/Src/stm32f1xx_hal_rcc.c.obj
LOAD CMakeFiles/magn.elf.dir/Drivers/STM32F1xx_HAL_Driver/Src/stm32f1xx_hal_rcc_ex.c.obj
LOAD CMakeFiles/magn.elf.dir/Drivers/STM32F1xx_HAL_Driver/Src/stm32f1xx_hal_tim.c.obj
LOAD CMakeFiles/magn.elf.dir/Drivers/STM32F1xx_HAL_Driver/Src/stm32f1xx_hal_tim_ex.c.obj
LOAD CMakeFiles/magn.elf.dir/Drivers/STM32F1xx_HAL_Driver/Src/stm32f1xx_ll_dma.c.obj
LOAD CMakeFiles/magn.elf.dir/Drivers/STM32F1xx_HAL_Driver/Src/stm32f1xx_ll_exti.c.obj
LOAD CMakeFiles/magn.elf.dir/Drivers/STM32F1xx_HAL_Driver/Src/stm32f1xx_ll_gpio.c.obj
LOAD CMakeFiles/magn.elf.dir/Drivers/STM32F1xx_HAL_Driver/Src/stm32f1xx_ll_rcc.c.obj
LOAD CMakeFiles/magn.elf.dir/Drivers/STM32F1xx_HAL_Driver/Src/stm32f1xx_ll_usart.c.obj
LOAD CMakeFiles/magn.elf.dir/Drivers/STM32F1xx_HAL_Driver/Src/stm32f1xx_ll_utils.c.obj
LOAD CMakeFiles/magn.elf.dir/Middlewares/Third_Party/FreeRTOS-Plus-CLI/FreeRTOS_CLI.c.obj
LOAD CMakeFiles/magn.elf.dir/Middlewares/Third_Party/FreeRTOS/Source/CMSIS_RTOS_V2/cmsis_os2.c.obj
LOAD CMakeFiles/magn.elf.dir/Middlewares/Third_Party/FreeRTOS/Source/croutine.c.obj
LOAD CMakeFiles/magn.elf.dir/Middlewares/Third_Party/FreeRTOS/Source/event_groups.c.obj
LOAD CMakeFiles/magn.elf.dir/Middlewares/Third_Party/FreeRTOS/Source/list.c.obj
LOAD CMakeFiles/magn.elf.dir/Middlewares/Third_Party/FreeRTOS/Source/portable/GCC/ARM_CM3/port.c.obj
LOAD CMakeFiles/magn.elf.dir/Middlewares/Third_Party/FreeRTOS/Source/portable/MemMang/heap_4.c.obj
LOAD CMakeFiles/magn.elf.dir/Middlewares/Third_Party/FreeRTOS/Source/queue.c.obj
LOAD CMakeFiles/magn.elf.dir/Middlewares/Third_Party/FreeRTOS/Source/stream_buffer.c.obj
LOAD CMakeFiles/magn.elf.dir/Middlewares/Third_Party/FreeRTOS/Source/tasks.c.obj
LOAD CMakeFiles/magn.elf.dir/Middlewares/Third_Party/FreeRTOS/Source/timers.c.obj
START GROUP
LOAD /opt/gcc-arm-none-eabi-10.3-2021.10/bin/../lib/gcc/arm-none-eabi/10.3.1/thumb/v7-m/nofp/libgcc.a
LOAD /opt/gcc-arm-none-eabi-10.3-2021.10/bin/../lib/gcc/arm-none-eabi/10.3.1/../../../../arm-none-eabi/lib/thumb/v7-m/nofp/libg.a
LOAD /opt/gcc-arm-none-eabi-10.3-2021.10/bin/../lib/gcc/arm-none-eabi/10.3.1/../../../../arm-none-eabi/lib/thumb/v7-m/nofp/libc.a
END GROUP
LOAD /opt/gcc-arm-none-eabi-10.3-2021.10/bin/../lib/gcc/arm-none-eabi/10.3.1/thumb/v7-m/nofp/crtend.o
LOAD /opt/gcc-arm-none-eabi-10.3-2021.10/bin/../lib/gcc/arm-none-eabi/10.3.1/thumb/v7-m/nofp/crtn.o
                0x0000000020010000                _estack = (ORIGIN (RAM) + LENGTH (RAM))
                0x0000000000000200                _Min_Heap_Size = 0x200
                0x0000000000000400                _Min_Stack_Size = 0x400

.isr_vector     0x0000000008000000      0x1e4
                0x0000000008000000                . = ALIGN (0x4)
 *(.isr_vector)
 .isr_vector    0x0000000008000000      0x1e4 CMakeFiles/magn.elf.dir/Core/Startup/startup_stm32f103retx.s.obj
                0x0000000008000000                g_pfnVectors
                0x00000000080001e4                . = ALIGN (0x4)

.text           0x00000000080001f0     0x3494
                0x00000000080001f0                . = ALIGN (0x4)
 *(.text)
 .text          0x00000000080001f0       0x40 /opt/gcc-arm-none-eabi-10.3-2021.10/bin/../lib/gcc/arm-none-eabi/10.3.1/thumb/v7-m/nofp/crtbegin.o
 .text          0x0000000008000230       0xec /opt/gcc-arm-none-eabi-10.3-2021.10/bin/../lib/gcc/arm-none-eabi/10.3.1/../../../../arm-none-eabi/lib/thumb/v7-m/nofp/libg.a(lib_a-memcpy.o)
                0x0000000008000230                memcpy
 *(.text*)
 .text.StartBlinkTask
                0x000000000800031c       0x1c CMakeFiles/magn.elf.dir/Core/Src/freertos.c.obj
                0x000000000800031c                StartBlinkTask
 .text.StartCliTask
                0x0000000008000338        0xa CMakeFiles/magn.elf.dir/Core/Src/freertos.c.obj
                0x0000000008000338                StartCliTask
 *fill*         0x0000000008000342        0x2 
 .text.MX_FREERTOS_Init
                0x0000000008000344       0x38 CMakeFiles/magn.elf.dir/Core/Src/freertos.c.obj
                0x0000000008000344                MX_FREERTOS_Init
 .text.MX_GPIO_Init
                0x000000000800037c       0xf0 CMakeFiles/magn.elf.dir/Core/Src/gpio.c.obj
                0x000000000800037c                MX_GPIO_Init
 .text.MX_I2C1_Init
                0x000000000800046c       0x3c CMakeFiles/magn.elf.dir/Core/Src/i2c.c.obj
                0x000000000800046c                MX_I2C1_Init
 .text.HAL_I2C_MspInit
                0x00000000080004a8       0x64 CMakeFiles/magn.elf.dir/Core/Src/i2c.c.obj
                0x00000000080004a8                HAL_I2C_MspInit
 .text.HAL_TIM_PeriodElapsedCallback
                0x000000000800050c       0x18 CMakeFiles/magn.elf.dir/Core/Src/main.c.obj
                0x000000000800050c                HAL_TIM_PeriodElapsedCallback
 .text.Error_Handler
                0x0000000008000524        0x4 CMakeFiles/magn.elf.dir/Core/Src/main.c.obj
                0x0000000008000524                Error_Handler
 .text.SystemClock_Config
                0x0000000008000528       0xb0 CMakeFiles/magn.elf.dir/Core/Src/main.c.obj
                0x0000000008000528                SystemClock_Config
 .text.main     0x00000000080005d8       0x24 CMakeFiles/magn.elf.dir/Core/Src/main.c.obj
                0x00000000080005d8                main
 .text.HAL_MspInit
                0x00000000080005fc       0x54 CMakeFiles/magn.elf.dir/Core/Src/stm32f1xx_hal_msp.c.obj
                0x00000000080005fc                HAL_MspInit
 .text.HAL_InitTick
                0x0000000008000650       0x7c CMakeFiles/magn.elf.dir/Core/Src/stm32f1xx_hal_timebase_tim.c.obj
                0x0000000008000650                HAL_InitTick
 .text.NMI_Handler
                0x00000000080006cc        0x2 CMakeFiles/magn.elf.dir/Core/Src/stm32f1xx_it.c.obj
                0x00000000080006cc                NMI_Handler
 .text.HardFault_Handler
                0x00000000080006ce        0x2 CMakeFiles/magn.elf.dir/Core/Src/stm32f1xx_it.c.obj
                0x00000000080006ce                HardFault_Handler
 .text.MemManage_Handler
                0x00000000080006d0        0x2 CMakeFiles/magn.elf.dir/Core/Src/stm32f1xx_it.c.obj
                0x00000000080006d0                MemManage_Handler
 .text.BusFault_Handler
                0x00000000080006d2        0x2 CMakeFiles/magn.elf.dir/Core/Src/stm32f1xx_it.c.obj
                0x00000000080006d2                BusFault_Handler
 .text.UsageFault_Handler
                0x00000000080006d4        0x2 CMakeFiles/magn.elf.dir/Core/Src/stm32f1xx_it.c.obj
                0x00000000080006d4                UsageFault_Handler
 .text.DebugMon_Handler
                0x00000000080006d6        0x2 CMakeFiles/magn.elf.dir/Core/Src/stm32f1xx_it.c.obj
                0x00000000080006d6                DebugMon_Handler
 .text.TIM6_IRQHandler
                0x00000000080006d8       0x10 CMakeFiles/magn.elf.dir/Core/Src/stm32f1xx_it.c.obj
                0x00000000080006d8                TIM6_IRQHandler
 .text._sbrk    0x00000000080006e8       0x48 CMakeFiles/magn.elf.dir/Core/Src/sysmem.c.obj
                0x00000000080006e8                _sbrk
 .text.SystemInit
                0x0000000008000730        0x2 CMakeFiles/magn.elf.dir/Core/Src/system_stm32f1xx.c.obj
                0x0000000008000730                SystemInit
 *fill*         0x0000000008000732        0x2 
 .text.MX_USART3_UART_Init
                0x0000000008000734       0xb8 CMakeFiles/magn.elf.dir/Core/Src/usart.c.obj
                0x0000000008000734                MX_USART3_UART_Init
 .text.Reset_Handler
                0x00000000080007ec       0x48 CMakeFiles/magn.elf.dir/Core/Startup/startup_stm32f103retx.s.obj
                0x00000000080007ec                Reset_Handler
 .text.Default_Handler
                0x0000000008000834        0x2 CMakeFiles/magn.elf.dir/Core/Startup/startup_stm32f103retx.s.obj
                0x0000000008000834                RTC_Alarm_IRQHandler
                0x0000000008000834                EXTI2_IRQHandler
                0x0000000008000834                TIM8_TRG_COM_IRQHandler
                0x0000000008000834                TIM8_CC_IRQHandler
                0x0000000008000834                TIM1_CC_IRQHandler
                0x0000000008000834                PVD_IRQHandler
                0x0000000008000834                SDIO_IRQHandler
                0x0000000008000834                EXTI3_IRQHandler
                0x0000000008000834                EXTI0_IRQHandler
                0x0000000008000834                I2C2_EV_IRQHandler
                0x0000000008000834                ADC1_2_IRQHandler
                0x0000000008000834                SPI1_IRQHandler
                0x0000000008000834                TAMPER_IRQHandler
                0x0000000008000834                TIM8_UP_IRQHandler
                0x0000000008000834                DMA2_Channel2_IRQHandler
                0x0000000008000834                DMA1_Channel4_IRQHandler
                0x0000000008000834                USART3_IRQHandler
                0x0000000008000834                RTC_IRQHandler
                0x0000000008000834                DMA1_Channel7_IRQHandler
                0x0000000008000834                CAN1_RX1_IRQHandler
                0x0000000008000834                UART5_IRQHandler
                0x0000000008000834                ADC3_IRQHandler
                0x0000000008000834                TIM4_IRQHandler
                0x0000000008000834                DMA2_Channel1_IRQHandler
                0x0000000008000834                I2C1_EV_IRQHandler
                0x0000000008000834                DMA1_Channel6_IRQHandler
                0x0000000008000834                UART4_IRQHandler
                0x0000000008000834                TIM3_IRQHandler
                0x0000000008000834                RCC_IRQHandler
                0x0000000008000834                TIM1_TRG_COM_IRQHandler
                0x0000000008000834                DMA1_Channel1_IRQHandler
                0x0000000008000834                Default_Handler
                0x0000000008000834                EXTI15_10_IRQHandler
                0x0000000008000834                TIM7_IRQHandler
                0x0000000008000834                TIM5_IRQHandler
                0x0000000008000834                EXTI9_5_IRQHandler
                0x0000000008000834                SPI2_IRQHandler
                0x0000000008000834                DMA1_Channel5_IRQHandler
                0x0000000008000834                EXTI4_IRQHandler
                0x0000000008000834                USB_LP_CAN1_RX0_IRQHandler
                0x0000000008000834                USB_HP_CAN1_TX_IRQHandler
                0x0000000008000834                DMA1_Channel3_IRQHandler
                0x0000000008000834                FSMC_IRQHandler
                0x0000000008000834                TIM1_UP_IRQHandler
                0x0000000008000834                WWDG_IRQHandler
                0x0000000008000834                TIM2_IRQHandler
                0x0000000008000834                TIM1_BRK_IRQHandler
                0x0000000008000834                EXTI1_IRQHandler
                0x0000000008000834                DMA2_Channel4_5_IRQHandler
                0x0000000008000834                USART2_IRQHandler
                0x0000000008000834                I2C2_ER_IRQHandler
                0x0000000008000834                DMA1_Channel2_IRQHandler
                0x0000000008000834                TIM8_BRK_IRQHandler
                0x0000000008000834                CAN1_SCE_IRQHandler
                0x0000000008000834                FLASH_IRQHandler
                0x0000000008000834                USART1_IRQHandler
                0x0000000008000834                SPI3_IRQHandler
                0x0000000008000834                I2C1_ER_IRQHandler
                0x0000000008000834                USBWakeUp_IRQHandler
                0x0000000008000834                DMA2_Channel3_IRQHandler
 *fill*         0x0000000008000836        0x2 
 .text.HAL_Init
                0x0000000008000838       0x24 CMakeFiles/magn.elf.dir/Drivers/STM32F1xx_HAL_Driver/Src/stm32f1xx_hal.c.obj
                0x0000000008000838                HAL_Init
 .text.HAL_IncTick
                0x000000000800085c       0x18 CMakeFiles/magn.elf.dir/Drivers/STM32F1xx_HAL_Driver/Src/stm32f1xx_hal.c.obj
                0x000000000800085c                HAL_IncTick
 .text.HAL_NVIC_SetPriorityGrouping
                0x0000000008000874       0x24 CMakeFiles/magn.elf.dir/Drivers/STM32F1xx_HAL_Driver/Src/stm32f1xx_hal_cortex.c.obj
                0x0000000008000874                HAL_NVIC_SetPriorityGrouping
 .text.HAL_NVIC_SetPriority
                0x0000000008000898       0x70 CMakeFiles/magn.elf.dir/Drivers/STM32F1xx_HAL_Driver/Src/stm32f1xx_hal_cortex.c.obj
                0x0000000008000898                HAL_NVIC_SetPriority
 .text.HAL_NVIC_EnableIRQ
                0x0000000008000908       0x1c CMakeFiles/magn.elf.dir/Drivers/STM32F1xx_HAL_Driver/Src/stm32f1xx_hal_cortex.c.obj
                0x0000000008000908                HAL_NVIC_EnableIRQ
 .text.HAL_GPIO_Init
                0x0000000008000924      0x240 CMakeFiles/magn.elf.dir/Drivers/STM32F1xx_HAL_Driver/Src/stm32f1xx_hal_gpio.c.obj
                0x0000000008000924                HAL_GPIO_Init
 .text.HAL_I2C_Init
                0x0000000008000b64      0x1bc CMakeFiles/magn.elf.dir/Drivers/STM32F1xx_HAL_Driver/Src/stm32f1xx_hal_i2c.c.obj
                0x0000000008000b64                HAL_I2C_Init
 .text.HAL_RCC_GetHCLKFreq
                0x0000000008000d20        0xc CMakeFiles/magn.elf.dir/Drivers/STM32F1xx_HAL_Driver/Src/stm32f1xx_hal_rcc.c.obj
                0x0000000008000d20                HAL_RCC_GetHCLKFreq
 .text.HAL_RCC_GetPCLK1Freq
                0x0000000008000d2c       0x20 CMakeFiles/magn.elf.dir/Drivers/STM32F1xx_HAL_Driver/Src/stm32f1xx_hal_rcc.c.obj
                0x0000000008000d2c                HAL_RCC_GetPCLK1Freq
 .text.HAL_RCC_GetClockConfig
                0x0000000008000d4c       0x3c CMakeFiles/magn.elf.dir/Drivers/STM32F1xx_HAL_Driver/Src/stm32f1xx_hal_rcc.c.obj
                0x0000000008000d4c                HAL_RCC_GetClockConfig
 .text.HAL_TIM_Base_MspInit
                0x0000000008000d88        0x2 CMakeFiles/magn.elf.dir/Drivers/STM32F1xx_HAL_Driver/Src/stm32f1xx_hal_tim.c.obj
                0x0000000008000d88                HAL_TIM_Base_MspInit
 *fill*         0x0000000008000d8a        0x2 
 .text.HAL_TIM_Base_Start_IT
                0x0000000008000d8c       0x78 CMakeFiles/magn.elf.dir/Drivers/STM32F1xx_HAL_Driver/Src/stm32f1xx_hal_tim.c.obj
                0x0000000008000d8c                HAL_TIM_Base_Start_IT
 .text.HAL_TIM_OC_DelayElapsedCallback
                0x0000000008000e04        0x2 CMakeFiles/magn.elf.dir/Drivers/STM32F1xx_HAL_Driver/Src/stm32f1xx_hal_tim.c.obj
                0x0000000008000e04                HAL_TIM_OC_DelayElapsedCallback
 .text.HAL_TIM_IC_CaptureCallback
                0x0000000008000e06        0x2 CMakeFiles/magn.elf.dir/Drivers/STM32F1xx_HAL_Driver/Src/stm32f1xx_hal_tim.c.obj
                0x0000000008000e06                HAL_TIM_IC_CaptureCallback
 .text.HAL_TIM_PWM_PulseFinishedCallback
                0x0000000008000e08        0x2 CMakeFiles/magn.elf.dir/Drivers/STM32F1xx_HAL_Driver/Src/stm32f1xx_hal_tim.c.obj
                0x0000000008000e08                HAL_TIM_PWM_PulseFinishedCallback
 .text.HAL_TIM_TriggerCallback
                0x0000000008000e0a        0x2 CMakeFiles/magn.elf.dir/Drivers/STM32F1xx_HAL_Driver/Src/stm32f1xx_hal_tim.c.obj
                0x0000000008000e0a                HAL_TIM_TriggerCallback
 .text.HAL_TIM_IRQHandler
                0x0000000008000e0c      0x17a CMakeFiles/magn.elf.dir/Drivers/STM32F1xx_HAL_Driver/Src/stm32f1xx_hal_tim.c.obj
                0x0000000008000e0c                HAL_TIM_IRQHandler
 *fill*         0x0000000008000f86        0x2 
 .text.TIM_Base_SetConfig
                0x0000000008000f88       0x98 CMakeFiles/magn.elf.dir/Drivers/STM32F1xx_HAL_Driver/Src/stm32f1xx_hal_tim.c.obj
                0x0000000008000f88                TIM_Base_SetConfig
 .text.HAL_TIM_Base_Init
                0x0000000008001020       0x58 CMakeFiles/magn.elf.dir/Drivers/STM32F1xx_HAL_Driver/Src/stm32f1xx_hal_tim.c.obj
                0x0000000008001020                HAL_TIM_Base_Init
 .text.HAL_TIMEx_CommutCallback
                0x0000000008001078        0x2 CMakeFiles/magn.elf.dir/Drivers/STM32F1xx_HAL_Driver/Src/stm32f1xx_hal_tim_ex.c.obj
                0x0000000008001078                HAL_TIMEx_CommutCallback
 .text.HAL_TIMEx_BreakCallback
                0x000000000800107a        0x2 CMakeFiles/magn.elf.dir/Drivers/STM32F1xx_HAL_Driver/Src/stm32f1xx_hal_tim_ex.c.obj
                0x000000000800107a                HAL_TIMEx_BreakCallback
 .text.LL_EXTI_Init
                0x000000000800107c       0xd4 CMakeFiles/magn.elf.dir/Drivers/STM32F1xx_HAL_Driver/Src/stm32f1xx_ll_exti.c.obj
                0x000000000800107c                LL_EXTI_Init
 .text.LL_GPIO_Init
                0x0000000008001150      0x116 CMakeFiles/magn.elf.dir/Drivers/STM32F1xx_HAL_Driver/Src/stm32f1xx_ll_gpio.c.obj
                0x0000000008001150                LL_GPIO_Init
 *fill*         0x0000000008001266        0x2 
 .text.RCC_GetHCLKClockFreq
                0x0000000008001268       0x18 CMakeFiles/magn.elf.dir/Drivers/STM32F1xx_HAL_Driver/Src/stm32f1xx_ll_rcc.c.obj
                0x0000000008001268                RCC_GetHCLKClockFreq
 .text.RCC_GetPCLK1ClockFreq
                0x0000000008001280       0x18 CMakeFiles/magn.elf.dir/Drivers/STM32F1xx_HAL_Driver/Src/stm32f1xx_ll_rcc.c.obj
                0x0000000008001280                RCC_GetPCLK1ClockFreq
 .text.RCC_GetPCLK2ClockFreq
                0x0000000008001298       0x18 CMakeFiles/magn.elf.dir/Drivers/STM32F1xx_HAL_Driver/Src/stm32f1xx_ll_rcc.c.obj
                0x0000000008001298                RCC_GetPCLK2ClockFreq
 .text.RCC_PLL_GetFreqDomain_SYS
                0x00000000080012b0       0x3c CMakeFiles/magn.elf.dir/Drivers/STM32F1xx_HAL_Driver/Src/stm32f1xx_ll_rcc.c.obj
                0x00000000080012b0                RCC_PLL_GetFreqDomain_SYS
 .text.RCC_GetSystemClockFreq
                0x00000000080012ec       0x20 CMakeFiles/magn.elf.dir/Drivers/STM32F1xx_HAL_Driver/Src/stm32f1xx_ll_rcc.c.obj
                0x00000000080012ec                RCC_GetSystemClockFreq
 .text.LL_RCC_GetSystemClocksFreq
                0x000000000800130c       0x20 CMakeFiles/magn.elf.dir/Drivers/STM32F1xx_HAL_Driver/Src/stm32f1xx_ll_rcc.c.obj
                0x000000000800130c                LL_RCC_GetSystemClocksFreq
 .text.LL_USART_Init
                0x000000000800132c       0xe8 CMakeFiles/magn.elf.dir/Drivers/STM32F1xx_HAL_Driver/Src/stm32f1xx_ll_usart.c.obj
                0x000000000800132c                LL_USART_Init
 .text.LL_SetSystemCoreClock
                0x0000000008001414        0xc CMakeFiles/magn.elf.dir/Drivers/STM32F1xx_HAL_Driver/Src/stm32f1xx_ll_utils.c.obj
                0x0000000008001414                LL_SetSystemCoreClock
 .text.osKernelInitialize
                0x0000000008001420       0x44 CMakeFiles/magn.elf.dir/Middlewares/Third_Party/FreeRTOS/Source/CMSIS_RTOS_V2/cmsis_os2.c.obj
                0x0000000008001420                osKernelInitialize
 .text.osKernelStart
                0x0000000008001464       0x4c CMakeFiles/magn.elf.dir/Middlewares/Third_Party/FreeRTOS/Source/CMSIS_RTOS_V2/cmsis_os2.c.obj
                0x0000000008001464                osKernelStart
 .text.osThreadNew
                0x00000000080014b0       0xf0 CMakeFiles/magn.elf.dir/Middlewares/Third_Party/FreeRTOS/Source/CMSIS_RTOS_V2/cmsis_os2.c.obj
                0x00000000080014b0                osThreadNew
 .text.osDelay  0x00000000080015a0       0x44 CMakeFiles/magn.elf.dir/Middlewares/Third_Party/FreeRTOS/Source/CMSIS_RTOS_V2/cmsis_os2.c.obj
                0x00000000080015a0                osDelay
 .text.vApplicationGetIdleTaskMemory
                0x00000000080015e4       0x18 CMakeFiles/magn.elf.dir/Middlewares/Third_Party/FreeRTOS/Source/CMSIS_RTOS_V2/cmsis_os2.c.obj
                0x00000000080015e4                vApplicationGetIdleTaskMemory
 .text.vApplicationGetTimerTaskMemory
                0x00000000080015fc       0x18 CMakeFiles/magn.elf.dir/Middlewares/Third_Party/FreeRTOS/Source/CMSIS_RTOS_V2/cmsis_os2.c.obj
                0x00000000080015fc                vApplicationGetTimerTaskMemory
 .text.vListInitialise
                0x0000000008001614       0x16 CMakeFiles/magn.elf.dir/Middlewares/Third_Party/FreeRTOS/Source/list.c.obj
                0x0000000008001614                vListInitialise
 .text.vListInitialiseItem
                0x000000000800162a        0x6 CMakeFiles/magn.elf.dir/Middlewares/Third_Party/FreeRTOS/Source/list.c.obj
                0x000000000800162a                vListInitialiseItem
 .text.vListInsertEnd
                0x0000000008001630       0x16 CMakeFiles/magn.elf.dir/Middlewares/Third_Party/FreeRTOS/Source/list.c.obj
                0x0000000008001630                vListInsertEnd
 .text.vListInsert
                0x0000000008001646       0x32 CMakeFiles/magn.elf.dir/Middlewares/Third_Party/FreeRTOS/Source/list.c.obj
                0x0000000008001646                vListInsert
 .text.uxListRemove
                0x0000000008001678       0x26 CMakeFiles/magn.elf.dir/Middlewares/Third_Party/FreeRTOS/Source/list.c.obj
                0x0000000008001678                uxListRemove
 *fill*         0x000000000800169e        0x2 
 .text.prvTaskExitError
                0x00000000080016a0       0x40 CMakeFiles/magn.elf.dir/Middlewares/Third_Party/FreeRTOS/Source/portable/GCC/ARM_CM3/port.c.obj
 .text.prvPortStartFirstTask
                0x00000000080016e0       0x20 CMakeFiles/magn.elf.dir/Middlewares/Third_Party/FreeRTOS/Source/portable/GCC/ARM_CM3/port.c.obj
 .text.pxPortInitialiseStack
                0x0000000008001700       0x24 CMakeFiles/magn.elf.dir/Middlewares/Third_Party/FreeRTOS/Source/portable/GCC/ARM_CM3/port.c.obj
                0x0000000008001700                pxPortInitialiseStack
 *fill*         0x0000000008001724        0xc 
 .text.SVC_Handler
                0x0000000008001730       0x24 CMakeFiles/magn.elf.dir/Middlewares/Third_Party/FreeRTOS/Source/portable/GCC/ARM_CM3/port.c.obj
                0x0000000008001730                SVC_Handler
 .text.vPortEnterCritical
                0x0000000008001754       0x44 CMakeFiles/magn.elf.dir/Middlewares/Third_Party/FreeRTOS/Source/portable/GCC/ARM_CM3/port.c.obj
                0x0000000008001754                vPortEnterCritical
 .text.vPortExitCritical
                0x0000000008001798       0x2c CMakeFiles/magn.elf.dir/Middlewares/Third_Party/FreeRTOS/Source/portable/GCC/ARM_CM3/port.c.obj
                0x0000000008001798                vPortExitCritical
 *fill*         0x00000000080017c4        0xc 
 .text.PendSV_Handler
                0x00000000080017d0       0x44 CMakeFiles/magn.elf.dir/Middlewares/Third_Party/FreeRTOS/Source/portable/GCC/ARM_CM3/port.c.obj
                0x00000000080017d0                PendSV_Handler
 .text.SysTick_Handler
                0x0000000008001814       0x2c CMakeFiles/magn.elf.dir/Middlewares/Third_Party/FreeRTOS/Source/portable/GCC/ARM_CM3/port.c.obj
                0x0000000008001814                SysTick_Handler
 .text.vPortSetupTimerInterrupt
                0x0000000008001840       0x28 CMakeFiles/magn.elf.dir/Middlewares/Third_Party/FreeRTOS/Source/portable/GCC/ARM_CM3/port.c.obj
                0x0000000008001840                vPortSetupTimerInterrupt
 .text.xPortStartScheduler
                0x0000000008001868       0xc0 CMakeFiles/magn.elf.dir/Middlewares/Third_Party/FreeRTOS/Source/portable/GCC/ARM_CM3/port.c.obj
                0x0000000008001868                xPortStartScheduler
 .text.vPortValidateInterruptPriority
                0x0000000008001928       0x5c CMakeFiles/magn.elf.dir/Middlewares/Third_Party/FreeRTOS/Source/portable/GCC/ARM_CM3/port.c.obj
                0x0000000008001928                vPortValidateInterruptPriority
 .text.prvHeapInit
                0x0000000008001984       0x64 CMakeFiles/magn.elf.dir/Middlewares/Third_Party/FreeRTOS/Source/portable/MemMang/heap_4.c.obj
 .text.prvInsertBlockIntoFreeList
                0x00000000080019e8       0x60 CMakeFiles/magn.elf.dir/Middlewares/Third_Party/FreeRTOS/Source/portable/MemMang/heap_4.c.obj
 .text.pvPortMalloc
                0x0000000008001a48       0xf0 CMakeFiles/magn.elf.dir/Middlewares/Third_Party/FreeRTOS/Source/portable/MemMang/heap_4.c.obj
                0x0000000008001a48                pvPortMalloc
 .text.vPortFree
                0x0000000008001b38       0x70 CMakeFiles/magn.elf.dir/Middlewares/Third_Party/FreeRTOS/Source/portable/MemMang/heap_4.c.obj
                0x0000000008001b38                vPortFree
 .text.prvIsQueueFull
                0x0000000008001ba8       0x1e CMakeFiles/magn.elf.dir/Middlewares/Third_Party/FreeRTOS/Source/queue.c.obj
 .text.prvIsQueueEmpty
                0x0000000008001bc6       0x1a CMakeFiles/magn.elf.dir/Middlewares/Third_Party/FreeRTOS/Source/queue.c.obj
 .text.prvCopyDataToQueue
                0x0000000008001be0       0x76 CMakeFiles/magn.elf.dir/Middlewares/Third_Party/FreeRTOS/Source/queue.c.obj
 .text.prvCopyDataFromQueue
                0x0000000008001c56       0x24 CMakeFiles/magn.elf.dir/Middlewares/Third_Party/FreeRTOS/Source/queue.c.obj
 .text.prvUnlockQueue
                0x0000000008001c7a       0x6e CMakeFiles/magn.elf.dir/Middlewares/Third_Party/FreeRTOS/Source/queue.c.obj
 .text.xQueueGenericReset
                0x0000000008001ce8       0x84 CMakeFiles/magn.elf.dir/Middlewares/Third_Party/FreeRTOS/Source/queue.c.obj
                0x0000000008001ce8                xQueueGenericReset
 .text.prvInitialiseNewQueue
                0x0000000008001d6c       0x22 CMakeFiles/magn.elf.dir/Middlewares/Third_Party/FreeRTOS/Source/queue.c.obj
 .text.xQueueGenericCreateStatic
                0x0000000008001d8e       0x92 CMakeFiles/magn.elf.dir/Middlewares/Third_Party/FreeRTOS/Source/queue.c.obj
                0x0000000008001d8e                xQueueGenericCreateStatic
 .text.xQueueGenericSend
                0x0000000008001e20      0x188 CMakeFiles/magn.elf.dir/Middlewares/Third_Party/FreeRTOS/Source/queue.c.obj
                0x0000000008001e20                xQueueGenericSend
 .text.xQueueGenericSendFromISR
                0x0000000008001fa8       0xcc CMakeFiles/magn.elf.dir/Middlewares/Third_Party/FreeRTOS/Source/queue.c.obj
                0x0000000008001fa8                xQueueGenericSendFromISR
 .text.xQueueReceive
                0x0000000008002074      0x15e CMakeFiles/magn.elf.dir/Middlewares/Third_Party/FreeRTOS/Source/queue.c.obj
                0x0000000008002074                xQueueReceive
 *fill*         0x00000000080021d2        0x2 
 .text.vQueueAddToRegistry
                0x00000000080021d4       0x28 CMakeFiles/magn.elf.dir/Middlewares/Third_Party/FreeRTOS/Source/queue.c.obj
                0x00000000080021d4                vQueueAddToRegistry
 .text.vQueueWaitForMessageRestricted
                0x00000000080021fc       0x52 CMakeFiles/magn.elf.dir/Middlewares/Third_Party/FreeRTOS/Source/queue.c.obj
                0x00000000080021fc                vQueueWaitForMessageRestricted
 *fill*         0x000000000800224e        0x2 
 .text.prvResetNextTaskUnblockTime
                0x0000000008002250       0x2c CMakeFiles/magn.elf.dir/Middlewares/Third_Party/FreeRTOS/Source/tasks.c.obj
 .text.prvInitialiseNewTask
                0x000000000800227c       0xfa CMakeFiles/magn.elf.dir/Middlewares/Third_Party/FreeRTOS/Source/tasks.c.obj
 *fill*         0x0000000008002376        0x2 
 .text.prvInitialiseTaskLists
                0x0000000008002378       0x68 CMakeFiles/magn.elf.dir/Middlewares/Third_Party/FreeRTOS/Source/tasks.c.obj
 .text.prvAddNewTaskToReadyList
                0x00000000080023e0       0xac CMakeFiles/magn.elf.dir/Middlewares/Third_Party/FreeRTOS/Source/tasks.c.obj
 .text.prvDeleteTCB
                0x000000000800248c       0x40 CMakeFiles/magn.elf.dir/Middlewares/Third_Party/FreeRTOS/Source/tasks.c.obj
 .text.prvCheckTasksWaitingTermination
                0x00000000080024cc       0x4c CMakeFiles/magn.elf.dir/Middlewares/Third_Party/FreeRTOS/Source/tasks.c.obj
 .text.prvIdleTask
                0x0000000008002518       0x28 CMakeFiles/magn.elf.dir/Middlewares/Third_Party/FreeRTOS/Source/tasks.c.obj
 .text.prvAddCurrentTaskToDelayedList
                0x0000000008002540       0x7c CMakeFiles/magn.elf.dir/Middlewares/Third_Party/FreeRTOS/Source/tasks.c.obj
 .text.xTaskCreateStatic
                0x00000000080025bc       0x78 CMakeFiles/magn.elf.dir/Middlewares/Third_Party/FreeRTOS/Source/tasks.c.obj
                0x00000000080025bc                xTaskCreateStatic
 .text.xTaskCreate
                0x0000000008002634       0x6a CMakeFiles/magn.elf.dir/Middlewares/Third_Party/FreeRTOS/Source/tasks.c.obj
                0x0000000008002634                xTaskCreate
 *fill*         0x000000000800269e        0x2 
 .text.vTaskStartScheduler
                0x00000000080026a0       0xac CMakeFiles/magn.elf.dir/Middlewares/Third_Party/FreeRTOS/Source/tasks.c.obj
                0x00000000080026a0                vTaskStartScheduler
 .text.vTaskSuspendAll
                0x000000000800274c       0x10 CMakeFiles/magn.elf.dir/Middlewares/Third_Party/FreeRTOS/Source/tasks.c.obj
                0x000000000800274c                vTaskSuspendAll
 .text.xTaskGetTickCount
                0x000000000800275c        0xc CMakeFiles/magn.elf.dir/Middlewares/Third_Party/FreeRTOS/Source/tasks.c.obj
                0x000000000800275c                xTaskGetTickCount
 .text.xTaskIncrementTick
                0x0000000008002768      0x118 CMakeFiles/magn.elf.dir/Middlewares/Third_Party/FreeRTOS/Source/tasks.c.obj
                0x0000000008002768                xTaskIncrementTick
 .text.xTaskResumeAll
                0x0000000008002880       0xf8 CMakeFiles/magn.elf.dir/Middlewares/Third_Party/FreeRTOS/Source/tasks.c.obj
                0x0000000008002880                xTaskResumeAll
 .text.vTaskDelay
                0x0000000008002978       0x4c CMakeFiles/magn.elf.dir/Middlewares/Third_Party/FreeRTOS/Source/tasks.c.obj
                0x0000000008002978                vTaskDelay
 .text.vTaskSwitchContext
                0x00000000080029c4       0xa0 CMakeFiles/magn.elf.dir/Middlewares/Third_Party/FreeRTOS/Source/tasks.c.obj
                0x00000000080029c4                vTaskSwitchContext
 .text.vTaskPlaceOnEventList
                0x0000000008002a64       0x30 CMakeFiles/magn.elf.dir/Middlewares/Third_Party/FreeRTOS/Source/tasks.c.obj
                0x0000000008002a64                vTaskPlaceOnEventList
 .text.vTaskPlaceOnEventListRestricted
                0x0000000008002a94       0x38 CMakeFiles/magn.elf.dir/Middlewares/Third_Party/FreeRTOS/Source/tasks.c.obj
                0x0000000008002a94                vTaskPlaceOnEventListRestricted
 .text.xTaskRemoveFromEventList
                0x0000000008002acc       0x8c CMakeFiles/magn.elf.dir/Middlewares/Third_Party/FreeRTOS/Source/tasks.c.obj
                0x0000000008002acc                xTaskRemoveFromEventList
 .text.vTaskInternalSetTimeOutState
                0x0000000008002b58       0x18 CMakeFiles/magn.elf.dir/Middlewares/Third_Party/FreeRTOS/Source/tasks.c.obj
                0x0000000008002b58                vTaskInternalSetTimeOutState
 .text.xTaskCheckForTimeOut
                0x0000000008002b70       0x84 CMakeFiles/magn.elf.dir/Middlewares/Third_Party/FreeRTOS/Source/tasks.c.obj
                0x0000000008002b70                xTaskCheckForTimeOut
 .text.vTaskMissedYield
                0x0000000008002bf4        0xc CMakeFiles/magn.elf.dir/Middlewares/Third_Party/FreeRTOS/Source/tasks.c.obj
                0x0000000008002bf4                vTaskMissedYield
 .text.xTaskGetSchedulerState
                0x0000000008002c00       0x20 CMakeFiles/magn.elf.dir/Middlewares/Third_Party/FreeRTOS/Source/tasks.c.obj
                0x0000000008002c00                xTaskGetSchedulerState
 .text.xTaskPriorityDisinherit
                0x0000000008002c20       0x90 CMakeFiles/magn.elf.dir/Middlewares/Third_Party/FreeRTOS/Source/tasks.c.obj
                0x0000000008002c20                xTaskPriorityDisinherit
 .text.prvGetNextExpireTime
                0x0000000008002cb0       0x20 CMakeFiles/magn.elf.dir/Middlewares/Third_Party/FreeRTOS/Source/timers.c.obj
 .text.prvInsertTimerInActiveList
                0x0000000008002cd0       0x48 CMakeFiles/magn.elf.dir/Middlewares/Third_Party/FreeRTOS/Source/timers.c.obj
 .text.prvCheckForValidListAndQueue
                0x0000000008002d18       0x70 CMakeFiles/magn.elf.dir/Middlewares/Third_Party/FreeRTOS/Source/timers.c.obj
 .text.xTimerCreateTimerTask
                0x0000000008002d88       0x64 CMakeFiles/magn.elf.dir/Middlewares/Third_Party/FreeRTOS/Source/timers.c.obj
                0x0000000008002d88                xTimerCreateTimerTask
 .text.xTimerGenericCommand
                0x0000000008002dec       0x6c CMakeFiles/magn.elf.dir/Middlewares/Third_Party/FreeRTOS/Source/timers.c.obj
                0x0000000008002dec                xTimerGenericCommand
 .text.prvSwitchTimerLists
                0x0000000008002e58       0x78 CMakeFiles/magn.elf.dir/Middlewares/Third_Party/FreeRTOS/Source/timers.c.obj
 .text.prvSampleTimeNow
                0x0000000008002ed0       0x2c CMakeFiles/magn.elf.dir/Middlewares/Third_Party/FreeRTOS/Source/timers.c.obj
 .text.prvProcessExpiredTimer
                0x0000000008002efc       0x60 CMakeFiles/magn.elf.dir/Middlewares/Third_Party/FreeRTOS/Source/timers.c.obj
 .text.prvProcessTimerOrBlockTask
                0x0000000008002f5c       0x74 CMakeFiles/magn.elf.dir/Middlewares/Third_Party/FreeRTOS/Source/timers.c.obj
 .text.prvProcessReceivedCommands
                0x0000000008002fd0       0xf8 CMakeFiles/magn.elf.dir/Middlewares/Third_Party/FreeRTOS/Source/timers.c.obj
 .text.prvTimerTask
                0x00000000080030c8       0x16 CMakeFiles/magn.elf.dir/Middlewares/Third_Party/FreeRTOS/Source/timers.c.obj
 *fill*         0x00000000080030de        0x2 
 .text.__errno  0x00000000080030e0        0xc /opt/gcc-arm-none-eabi-10.3-2021.10/bin/../lib/gcc/arm-none-eabi/10.3.1/../../../../arm-none-eabi/lib/thumb/v7-m/nofp/libg.a(lib_a-errno.o)
                0x00000000080030e0                __errno
 .text.__libc_init_array
                0x00000000080030ec       0x48 /opt/gcc-arm-none-eabi-10.3-2021.10/bin/../lib/gcc/arm-none-eabi/10.3.1/../../../../arm-none-eabi/lib/thumb/v7-m/nofp/libg.a(lib_a-init.o)
                0x00000000080030ec                __libc_init_array
 .text.memset   0x0000000008003134       0xa4 /opt/gcc-arm-none-eabi-10.3-2021.10/bin/../lib/gcc/arm-none-eabi/10.3.1/../../../../arm-none-eabi/lib/thumb/v7-m/nofp/libg.a(lib_a-memset.o)
                0x0000000008003134                memset
 .text.cleanup_glue
                0x00000000080031d8       0x48 /opt/gcc-arm-none-eabi-10.3-2021.10/bin/../lib/gcc/arm-none-eabi/10.3.1/../../../../arm-none-eabi/lib/thumb/v7-m/nofp/libg.a(lib_a-reent.o)
                0x00000000080031d8                cleanup_glue
 .text._reclaim_reent
                0x0000000008003220       0x90 /opt/gcc-arm-none-eabi-10.3-2021.10/bin/../lib/gcc/arm-none-eabi/10.3.1/../../../../arm-none-eabi/lib/thumb/v7-m/nofp/libg.a(lib_a-reent.o)
                0x0000000008003220                _reclaim_reent
 .text.startup.register_fini
                0x00000000080032b0       0x14 /opt/gcc-arm-none-eabi-10.3-2021.10/bin/../lib/gcc/arm-none-eabi/10.3.1/../../../../arm-none-eabi/lib/thumb/v7-m/nofp/libg.a(lib_a-__call_atexit.o)
 .text.atexit   0x00000000080032c4        0xc /opt/gcc-arm-none-eabi-10.3-2021.10/bin/../lib/gcc/arm-none-eabi/10.3.1/../../../../arm-none-eabi/lib/thumb/v7-m/nofp/libg.a(lib_a-atexit.o)
                0x00000000080032c4                atexit
 .text.__libc_fini_array
                0x00000000080032d0       0x2c /opt/gcc-arm-none-eabi-10.3-2021.10/bin/../lib/gcc/arm-none-eabi/10.3.1/../../../../arm-none-eabi/lib/thumb/v7-m/nofp/libg.a(lib_a-fini.o)
                0x00000000080032d0                __libc_fini_array
 .text._malloc_trim_r
                0x00000000080032fc       0xa0 /opt/gcc-arm-none-eabi-10.3-2021.10/bin/../lib/gcc/arm-none-eabi/10.3.1/../../../../arm-none-eabi/lib/thumb/v7-m/nofp/libg.a(lib_a-freer.o)
                0x00000000080032fc                _malloc_trim_r
 .text._free_r  0x000000000800339c      0x200 /opt/gcc-arm-none-eabi-10.3-2021.10/bin/../lib/gcc/arm-none-eabi/10.3.1/../../../../arm-none-eabi/lib/thumb/v7-m/nofp/libg.a(lib_a-freer.o)
                0x000000000800339c                _free_r
 .text.__retarget_lock_acquire_recursive
                0x000000000800359c        0x4 /opt/gcc-arm-none-eabi-10.3-2021.10/bin/../lib/gcc/arm-none-eabi/10.3.1/../../../../arm-none-eabi/lib/thumb/v7-m/nofp/libg.a(lib_a-lock.o)
                0x000000000800359c                __retarget_lock_acquire_recursive
 .text.__retarget_lock_release_recursive
                0x00000000080035a0        0x4 /opt/gcc-arm-none-eabi-10.3-2021.10/bin/../lib/gcc/arm-none-eabi/10.3.1/../../../../arm-none-eabi/lib/thumb/v7-m/nofp/libg.a(lib_a-lock.o)
                0x00000000080035a0                __retarget_lock_release_recursive
 .text.__malloc_lock
                0x00000000080035a4        0xc /opt/gcc-arm-none-eabi-10.3-2021.10/bin/../lib/gcc/arm-none-eabi/10.3.1/../../../../arm-none-eabi/lib/thumb/v7-m/nofp/libg.a(lib_a-mlock.o)
                0x00000000080035a4                __malloc_lock
 .text.__malloc_unlock
                0x00000000080035b0        0xc /opt/gcc-arm-none-eabi-10.3-2021.10/bin/../lib/gcc/arm-none-eabi/10.3.1/../../../../arm-none-eabi/lib/thumb/v7-m/nofp/libg.a(lib_a-mlock.o)
                0x00000000080035b0                __malloc_unlock
 .text._sbrk_r  0x00000000080035bc       0x24 /opt/gcc-arm-none-eabi-10.3-2021.10/bin/../lib/gcc/arm-none-eabi/10.3.1/../../../../arm-none-eabi/lib/thumb/v7-m/nofp/libg.a(lib_a-sbrkr.o)
                0x00000000080035bc                _sbrk_r
 .text.__register_exitproc
                0x00000000080035e0       0x8c /opt/gcc-arm-none-eabi-10.3-2021.10/bin/../lib/gcc/arm-none-eabi/10.3.1/../../../../arm-none-eabi/lib/thumb/v7-m/nofp/libg.a(lib_a-__atexit.o)
                0x00000000080035e0                __register_exitproc
 *(.glue_7)
 .glue_7        0x000000000800366c        0x0 linker stubs
 *(.glue_7t)
 .glue_7t       0x000000000800366c        0x0 linker stubs
 *(.eh_frame)
 .eh_frame      0x000000000800366c        0x0 /opt/gcc-arm-none-eabi-10.3-2021.10/bin/../lib/gcc/arm-none-eabi/10.3.1/thumb/v7-m/nofp/crtbegin.o
 *(.init)
 .init          0x000000000800366c        0x4 /opt/gcc-arm-none-eabi-10.3-2021.10/bin/../lib/gcc/arm-none-eabi/10.3.1/thumb/v7-m/nofp/crti.o
                0x000000000800366c                _init
 .init          0x0000000008003670        0x8 /opt/gcc-arm-none-eabi-10.3-2021.10/bin/../lib/gcc/arm-none-eabi/10.3.1/thumb/v7-m/nofp/crtn.o
 *(.fini)
 .fini          0x0000000008003678        0x4 /opt/gcc-arm-none-eabi-10.3-2021.10/bin/../lib/gcc/arm-none-eabi/10.3.1/thumb/v7-m/nofp/crti.o
                0x0000000008003678                _fini
 .fini          0x000000000800367c        0x8 /opt/gcc-arm-none-eabi-10.3-2021.10/bin/../lib/gcc/arm-none-eabi/10.3.1/thumb/v7-m/nofp/crtn.o
                0x0000000008003684                . = ALIGN (0x4)
                0x0000000008003684                _etext = .

.vfp11_veneer   0x0000000008003684        0x0
 .vfp11_veneer  0x0000000008003684        0x0 linker stubs

.v4_bx          0x0000000008003684        0x0
 .v4_bx         0x0000000008003684        0x0 linker stubs

.iplt           0x0000000008003684        0x0
 .iplt          0x0000000008003684        0x0 /opt/gcc-arm-none-eabi-10.3-2021.10/bin/../lib/gcc/arm-none-eabi/10.3.1/thumb/v7-m/nofp/crtbegin.o

.rodata         0x0000000008003684       0x90
                0x0000000008003684                . = ALIGN (0x4)
 *(.rodata)
 *(.rodata*)
 .rodata.str1.4
                0x0000000008003684       0x12 CMakeFiles/magn.elf.dir/Core/Src/freertos.c.obj
 *fill*         0x0000000008003696        0x2 
 .rodata.blinkTask_attributes
                0x0000000008003698       0x24 CMakeFiles/magn.elf.dir/Core/Src/freertos.c.obj
                0x0000000008003698                blinkTask_attributes
 .rodata.cliTask_attributes
                0x00000000080036bc       0x24 CMakeFiles/magn.elf.dir/Core/Src/freertos.c.obj
                0x00000000080036bc                cliTask_attributes
 .rodata.AHBPrescTable
                0x00000000080036e0       0x10 CMakeFiles/magn.elf.dir/Core/Src/system_stm32f1xx.c.obj
                0x00000000080036e0                AHBPrescTable
 .rodata.APBPrescTable
                0x00000000080036f0        0x8 CMakeFiles/magn.elf.dir/Core/Src/system_stm32f1xx.c.obj
                0x00000000080036f0                APBPrescTable
 .rodata.vTaskStartScheduler.str1.4
                0x00000000080036f8        0x5 CMakeFiles/magn.elf.dir/Middlewares/Third_Party/FreeRTOS/Source/tasks.c.obj
 *fill*         0x00000000080036fd        0x3 
 .rodata.prvCheckForValidListAndQueue.str1.4
                0x0000000008003700        0x5 CMakeFiles/magn.elf.dir/Middlewares/Third_Party/FreeRTOS/Source/timers.c.obj
 *fill*         0x0000000008003705        0x3 
 .rodata.xTimerCreateTimerTask.str1.4
                0x0000000008003708        0x8 CMakeFiles/magn.elf.dir/Middlewares/Third_Party/FreeRTOS/Source/timers.c.obj
 .rodata._global_impure_ptr
                0x0000000008003710        0x4 /opt/gcc-arm-none-eabi-10.3-2021.10/bin/../lib/gcc/arm-none-eabi/10.3.1/../../../../arm-none-eabi/lib/thumb/v7-m/nofp/libg.a(lib_a-impure.o)
                0x0000000008003710                _global_impure_ptr
                0x0000000008003714                . = ALIGN (0x4)

.rel.dyn        0x0000000008003714        0x0
 .rel.iplt      0x0000000008003714        0x0 /opt/gcc-arm-none-eabi-10.3-2021.10/bin/../lib/gcc/arm-none-eabi/10.3.1/thumb/v7-m/nofp/crtbegin.o

.ARM.extab      0x0000000008003714        0x0
                0x0000000008003714                . = ALIGN (0x4)
 *(.ARM.extab* .gnu.linkonce.armextab.*)
                0x0000000008003714                . = ALIGN (0x4)

.ARM            0x0000000008003714        0x0
                0x0000000008003714                . = ALIGN (0x4)
                0x0000000008003714                __exidx_start = .
 *(.ARM.exidx*)
                0x0000000008003714                __exidx_end = .
                0x0000000008003714                . = ALIGN (0x4)

.preinit_array  0x0000000008003714        0x0
                0x0000000008003714                . = ALIGN (0x4)
                0x0000000008003714                PROVIDE (__preinit_array_start = .)
 *(.preinit_array*)
                0x0000000008003714                PROVIDE (__preinit_array_end = .)
                0x0000000008003714                . = ALIGN (0x4)

.init_array     0x0000000008003714        0x8
                0x0000000008003714                . = ALIGN (0x4)
                0x0000000008003714                PROVIDE (__init_array_start = .)
 *(SORT_BY_NAME(.init_array.*))
 .init_array.00000
                0x0000000008003714        0x4 /opt/gcc-arm-none-eabi-10.3-2021.10/bin/../lib/gcc/arm-none-eabi/10.3.1/../../../../arm-none-eabi/lib/thumb/v7-m/nofp/libg.a(lib_a-__call_atexit.o)
 *(.init_array*)
 .init_array    0x0000000008003718        0x4 /opt/gcc-arm-none-eabi-10.3-2021.10/bin/../lib/gcc/arm-none-eabi/10.3.1/thumb/v7-m/nofp/crtbegin.o
                0x000000000800371c                PROVIDE (__init_array_end = .)
                0x000000000800371c                . = ALIGN (0x4)

.fini_array     0x000000000800371c        0x4
                0x000000000800371c                . = ALIGN (0x4)
                0x000000000800371c                PROVIDE (__fini_array_start = .)
 *(SORT_BY_NAME(.fini_array.*))
 *(.fini_array*)
 .fini_array    0x000000000800371c        0x4 /opt/gcc-arm-none-eabi-10.3-2021.10/bin/../lib/gcc/arm-none-eabi/10.3.1/thumb/v7-m/nofp/crtbegin.o
                0x0000000008003720                PROVIDE (__fini_array_end = .)
                0x0000000008003720                . = ALIGN (0x4)
                0x0000000008003720                _sidata = LOADADDR (.data)

.data           0x0000000020000000      0x84c load address 0x0000000008003720
                0x0000000020000000                . = ALIGN (0x4)
                0x0000000020000000                _sdata = .
 *(.data)
 *(.data*)
 .data.SystemCoreClock
                0x0000000020000000        0x4 CMakeFiles/magn.elf.dir/Core/Src/system_stm32f1xx.c.obj
                0x0000000020000000                SystemCoreClock
 .data.uwTickFreq
                0x0000000020000004        0x1 CMakeFiles/magn.elf.dir/Drivers/STM32F1xx_HAL_Driver/Src/stm32f1xx_hal.c.obj
                0x0000000020000004                uwTickFreq
 *fill*         0x0000000020000005        0x3 
 .data.uxCriticalNesting
                0x0000000020000008        0x4 CMakeFiles/magn.elf.dir/Middlewares/Third_Party/FreeRTOS/Source/portable/GCC/ARM_CM3/port.c.obj
 .data._impure_ptr
                0x000000002000000c        0x4 /opt/gcc-arm-none-eabi-10.3-2021.10/bin/../lib/gcc/arm-none-eabi/10.3.1/../../../../arm-none-eabi/lib/thumb/v7-m/nofp/libg.a(lib_a-impure.o)
                0x000000002000000c                _impure_ptr
 .data.impure_data
                0x0000000020000010      0x428 /opt/gcc-arm-none-eabi-10.3-2021.10/bin/../lib/gcc/arm-none-eabi/10.3.1/../../../../arm-none-eabi/lib/thumb/v7-m/nofp/libg.a(lib_a-impure.o)
 .data.__atexit_recursive_mutex
                0x0000000020000438        0x4 /opt/gcc-arm-none-eabi-10.3-2021.10/bin/../lib/gcc/arm-none-eabi/10.3.1/../../../../arm-none-eabi/lib/thumb/v7-m/nofp/libg.a(lib_a-__call_atexit.o)
                0x0000000020000438                __atexit_recursive_mutex
 .data.__malloc_av_
                0x000000002000043c      0x408 /opt/gcc-arm-none-eabi-10.3-2021.10/bin/../lib/gcc/arm-none-eabi/10.3.1/../../../../arm-none-eabi/lib/thumb/v7-m/nofp/libg.a(lib_a-mallocr.o)
                0x000000002000043c                __malloc_av_
 .data.__malloc_sbrk_base
                0x0000000020000844        0x4 /opt/gcc-arm-none-eabi-10.3-2021.10/bin/../lib/gcc/arm-none-eabi/10.3.1/../../../../arm-none-eabi/lib/thumb/v7-m/nofp/libg.a(lib_a-mallocr.o)
                0x0000000020000844                __malloc_sbrk_base
 .data.__malloc_trim_threshold
                0x0000000020000848        0x4 /opt/gcc-arm-none-eabi-10.3-2021.10/bin/../lib/gcc/arm-none-eabi/10.3.1/../../../../arm-none-eabi/lib/thumb/v7-m/nofp/libg.a(lib_a-mallocr.o)
                0x0000000020000848                __malloc_trim_threshold
 *(.RamFunc)
 *(.RamFunc*)
                0x000000002000084c                . = ALIGN (0x4)
                0x000000002000084c                _edata = .

.igot.plt       0x000000002000084c        0x0 load address 0x0000000008003f6c
 .igot.plt      0x000000002000084c        0x0 /opt/gcc-arm-none-eabi-10.3-2021.10/bin/../lib/gcc/arm-none-eabi/10.3.1/thumb/v7-m/nofp/crtbegin.o
                0x000000002000084c                . = ALIGN (0x4)

.bss            0x0000000020000850     0x22a4 load address 0x0000000008003f6c
                0x0000000020000850                _sbss = .
                0x0000000020000850                __bss_start__ = _sbss
 *(.bss)
 .bss           0x0000000020000850       0x1c /opt/gcc-arm-none-eabi-10.3-2021.10/bin/../lib/gcc/arm-none-eabi/10.3.1/thumb/v7-m/nofp/crtbegin.o
 *(.bss*)
 .bss.blinkTaskHandle
                0x000000002000086c        0x4 CMakeFiles/magn.elf.dir/Core/Src/freertos.c.obj
                0x000000002000086c                blinkTaskHandle
 .bss.cliTaskHandle
                0x0000000020000870        0x4 CMakeFiles/magn.elf.dir/Core/Src/freertos.c.obj
                0x0000000020000870                cliTaskHandle
 .bss.hi2c1     0x0000000020000874       0x54 CMakeFiles/magn.elf.dir/Core/Src/i2c.c.obj
                0x0000000020000874                hi2c1
 .bss.htim6     0x00000000200008c8       0x48 CMakeFiles/magn.elf.dir/Core/Src/stm32f1xx_hal_timebase_tim.c.obj
                0x00000000200008c8                htim6
 .bss.__sbrk_heap_end
                0x0000000020000910        0x4 CMakeFiles/magn.elf.dir/Core/Src/sysmem.c.obj
 .bss.uwTick    0x0000000020000914        0x4 CMakeFiles/magn.elf.dir/Drivers/STM32F1xx_HAL_Driver/Src/stm32f1xx_hal.c.obj
                0x0000000020000914                uwTick
 .bss.Idle_Stack
                0x0000000020000918      0x200 CMakeFiles/magn.elf.dir/Middlewares/Third_Party/FreeRTOS/Source/CMSIS_RTOS_V2/cmsis_os2.c.obj
 .bss.Idle_TCB  0x0000000020000b18      0x488 CMakeFiles/magn.elf.dir/Middlewares/Third_Party/FreeRTOS/Source/CMSIS_RTOS_V2/cmsis_os2.c.obj
 .bss.KernelState
                0x0000000020000fa0        0x4 CMakeFiles/magn.elf.dir/Middlewares/Third_Party/FreeRTOS/Source/CMSIS_RTOS_V2/cmsis_os2.c.obj
 .bss.Timer_Stack
                0x0000000020000fa4      0x400 CMakeFiles/magn.elf.dir/Middlewares/Third_Party/FreeRTOS/Source/CMSIS_RTOS_V2/cmsis_os2.c.obj
 *fill*         0x00000000200013a4        0x4 
 .bss.Timer_TCB
                0x00000000200013a8      0x488 CMakeFiles/magn.elf.dir/Middlewares/Third_Party/FreeRTOS/Source/CMSIS_RTOS_V2/cmsis_os2.c.obj
 .bss.ucMaxSysCallPriority
                0x0000000020001830        0x1 CMakeFiles/magn.elf.dir/Middlewares/Third_Party/FreeRTOS/Source/portable/GCC/ARM_CM3/port.c.obj
 *fill*         0x0000000020001831        0x3 
 .bss.ulMaxPRIGROUPValue
                0x0000000020001834        0x4 CMakeFiles/magn.elf.dir/Middlewares/Third_Party/FreeRTOS/Source/portable/GCC/ARM_CM3/port.c.obj
 .bss.pxEnd     0x0000000020001838        0x4 CMakeFiles/magn.elf.dir/Middlewares/Third_Party/FreeRTOS/Source/portable/MemMang/heap_4.c.obj
 .bss.ucHeap    0x000000002000183c      0xc00 CMakeFiles/magn.elf.dir/Middlewares/Third_Party/FreeRTOS/Source/portable/MemMang/heap_4.c.obj
 .bss.xBlockAllocatedBit
                0x000000002000243c        0x4 CMakeFiles/magn.elf.dir/Middlewares/Third_Party/FreeRTOS/Source/portable/MemMang/heap_4.c.obj
 .bss.xFreeBytesRemaining
                0x0000000020002440        0x4 CMakeFiles/magn.elf.dir/Middlewares/Third_Party/FreeRTOS/Source/portable/MemMang/heap_4.c.obj
 .bss.xMinimumEverFreeBytesRemaining
                0x0000000020002444        0x4 CMakeFiles/magn.elf.dir/Middlewares/Third_Party/FreeRTOS/Source/portable/MemMang/heap_4.c.obj
 .bss.xStart    0x0000000020002448        0x8 CMakeFiles/magn.elf.dir/Middlewares/Third_Party/FreeRTOS/Source/portable/MemMang/heap_4.c.obj
 .bss.xQueueRegistry
                0x0000000020002450       0x40 CMakeFiles/magn.elf.dir/Middlewares/Third_Party/FreeRTOS/Source/queue.c.obj
                0x0000000020002450                xQueueRegistry
 .bss.pxCurrentTCB
                0x0000000020002490        0x4 CMakeFiles/magn.elf.dir/Middlewares/Third_Party/FreeRTOS/Source/tasks.c.obj
                0x0000000020002490                pxCurrentTCB
 .bss.pxDelayedTaskList
                0x0000000020002494        0x4 CMakeFiles/magn.elf.dir/Middlewares/Third_Party/FreeRTOS/Source/tasks.c.obj
 .bss.pxOverflowDelayedTaskList
                0x0000000020002498        0x4 CMakeFiles/magn.elf.dir/Middlewares/Third_Party/FreeRTOS/Source/tasks.c.obj
 .bss.pxReadyTasksLists
                0x000000002000249c      0x460 CMakeFiles/magn.elf.dir/Middlewares/Third_Party/FreeRTOS/Source/tasks.c.obj
 .bss.uxCurrentNumberOfTasks
                0x00000000200028fc        0x4 CMakeFiles/magn.elf.dir/Middlewares/Third_Party/FreeRTOS/Source/tasks.c.obj
 .bss.uxDeletedTasksWaitingCleanUp
                0x0000000020002900        0x4 CMakeFiles/magn.elf.dir/Middlewares/Third_Party/FreeRTOS/Source/tasks.c.obj
 .bss.uxPendedTicks
                0x0000000020002904        0x4 CMakeFiles/magn.elf.dir/Middlewares/Third_Party/FreeRTOS/Source/tasks.c.obj
 .bss.uxSchedulerSuspended
                0x0000000020002908        0x4 CMakeFiles/magn.elf.dir/Middlewares/Third_Party/FreeRTOS/Source/tasks.c.obj
 .bss.uxTaskNumber
                0x000000002000290c        0x4 CMakeFiles/magn.elf.dir/Middlewares/Third_Party/FreeRTOS/Source/tasks.c.obj
 .bss.uxTopReadyPriority
                0x0000000020002910        0x4 CMakeFiles/magn.elf.dir/Middlewares/Third_Party/FreeRTOS/Source/tasks.c.obj
 .bss.xDelayedTaskList1
                0x0000000020002914       0x14 CMakeFiles/magn.elf.dir/Middlewares/Third_Party/FreeRTOS/Source/tasks.c.obj
 .bss.xDelayedTaskList2
                0x0000000020002928       0x14 CMakeFiles/magn.elf.dir/Middlewares/Third_Party/FreeRTOS/Source/tasks.c.obj
 .bss.xIdleTaskHandle
                0x000000002000293c        0x4 CMakeFiles/magn.elf.dir/Middlewares/Third_Party/FreeRTOS/Source/tasks.c.obj
 .bss.xNextTaskUnblockTime
                0x0000000020002940        0x4 CMakeFiles/magn.elf.dir/Middlewares/Third_Party/FreeRTOS/Source/tasks.c.obj
 .bss.xNumOfOverflows
                0x0000000020002944        0x4 CMakeFiles/magn.elf.dir/Middlewares/Third_Party/FreeRTOS/Source/tasks.c.obj
 .bss.xPendingReadyList
                0x0000000020002948       0x14 CMakeFiles/magn.elf.dir/Middlewares/Third_Party/FreeRTOS/Source/tasks.c.obj
 .bss.xSchedulerRunning
                0x000000002000295c        0x4 CMakeFiles/magn.elf.dir/Middlewares/Third_Party/FreeRTOS/Source/tasks.c.obj
 .bss.xSuspendedTaskList
                0x0000000020002960       0x14 CMakeFiles/magn.elf.dir/Middlewares/Third_Party/FreeRTOS/Source/tasks.c.obj
 .bss.xTasksWaitingTermination
                0x0000000020002974       0x14 CMakeFiles/magn.elf.dir/Middlewares/Third_Party/FreeRTOS/Source/tasks.c.obj
 .bss.xTickCount
                0x0000000020002988        0x4 CMakeFiles/magn.elf.dir/Middlewares/Third_Party/FreeRTOS/Source/tasks.c.obj
 .bss.xYieldPending
                0x000000002000298c        0x4 CMakeFiles/magn.elf.dir/Middlewares/Third_Party/FreeRTOS/Source/tasks.c.obj
 .bss.pxCurrentTimerList
                0x0000000020002990        0x4 CMakeFiles/magn.elf.dir/Middlewares/Third_Party/FreeRTOS/Source/timers.c.obj
 .bss.pxOverflowTimerList
                0x0000000020002994        0x4 CMakeFiles/magn.elf.dir/Middlewares/Third_Party/FreeRTOS/Source/timers.c.obj
 .bss.ucStaticTimerQueueStorage.1
                0x0000000020002998       0xa0 CMakeFiles/magn.elf.dir/Middlewares/Third_Party/FreeRTOS/Source/timers.c.obj
 .bss.xActiveTimerList1
                0x0000000020002a38       0x14 CMakeFiles/magn.elf.dir/Middlewares/Third_Party/FreeRTOS/Source/timers.c.obj
 .bss.xActiveTimerList2
                0x0000000020002a4c       0x14 CMakeFiles/magn.elf.dir/Middlewares/Third_Party/FreeRTOS/Source/timers.c.obj
 .bss.xLastTime.2
                0x0000000020002a60        0x4 CMakeFiles/magn.elf.dir/Middlewares/Third_Party/FreeRTOS/Source/timers.c.obj
 .bss.xStaticTimerQueue.0
                0x0000000020002a64       0x50 CMakeFiles/magn.elf.dir/Middlewares/Third_Party/FreeRTOS/Source/timers.c.obj
 .bss.xTimerQueue
                0x0000000020002ab4        0x4 CMakeFiles/magn.elf.dir/Middlewares/Third_Party/FreeRTOS/Source/timers.c.obj
 .bss.xTimerTaskHandle
                0x0000000020002ab8        0x4 CMakeFiles/magn.elf.dir/Middlewares/Third_Party/FreeRTOS/Source/timers.c.obj
 .bss.errno     0x0000000020002abc        0x4 /opt/gcc-arm-none-eabi-10.3-2021.10/bin/../lib/gcc/arm-none-eabi/10.3.1/../../../../arm-none-eabi/lib/thumb/v7-m/nofp/libg.a(lib_a-reent.o)
                0x0000000020002abc                errno
 .bss.__lock___atexit_recursive_mutex
                0x0000000020002ac0        0x1 /opt/gcc-arm-none-eabi-10.3-2021.10/bin/../lib/gcc/arm-none-eabi/10.3.1/../../../../arm-none-eabi/lib/thumb/v7-m/nofp/libg.a(lib_a-lock.o)
                0x0000000020002ac0                __lock___atexit_recursive_mutex
 *fill*         0x0000000020002ac1        0x3 
 .bss.__lock___malloc_recursive_mutex
                0x0000000020002ac4        0x1 /opt/gcc-arm-none-eabi-10.3-2021.10/bin/../lib/gcc/arm-none-eabi/10.3.1/../../../../arm-none-eabi/lib/thumb/v7-m/nofp/libg.a(lib_a-lock.o)
                0x0000000020002ac4                __lock___malloc_recursive_mutex
 *fill*         0x0000000020002ac5        0x3 
 .bss.__malloc_current_mallinfo
                0x0000000020002ac8       0x28 /opt/gcc-arm-none-eabi-10.3-2021.10/bin/../lib/gcc/arm-none-eabi/10.3.1/../../../../arm-none-eabi/lib/thumb/v7-m/nofp/libg.a(lib_a-mallocr.o)
                0x0000000020002ac8                __malloc_current_mallinfo
 .bss.__malloc_top_pad
                0x0000000020002af0        0x4 /opt/gcc-arm-none-eabi-10.3-2021.10/bin/../lib/gcc/arm-none-eabi/10.3.1/../../../../arm-none-eabi/lib/thumb/v7-m/nofp/libg.a(lib_a-mallocr.o)
                0x0000000020002af0                __malloc_top_pad
 *(COMMON)
                0x0000000020002af4                . = ALIGN (0x4)
                0x0000000020002af4                _ebss = .
                0x0000000020002af4                __bss_end__ = _ebss

._user_heap_stack
                0x0000000020002af4      0x604 load address 0x0000000008003f6c
                0x0000000020002af8                . = ALIGN (0x8)
 *fill*         0x0000000020002af4        0x4 
                [!provide]                        PROVIDE (end = .)
                0x0000000020002af8                PROVIDE (_end = .)
                0x0000000020002cf8                . = (. + _Min_Heap_Size)
 *fill*         0x0000000020002af8      0x200 
                0x00000000200030f8                . = (. + _Min_Stack_Size)
 *fill*         0x0000000020002cf8      0x400 
                0x00000000200030f8                . = ALIGN (0x8)

/DISCARD/
 libc.a(*)
 libm.a(*)
 libgcc.a(*)

.ARM.attributes
                0x0000000000000000       0x29
 *(.ARM.attributes)
 .ARM.attributes
                0x0000000000000000       0x1d /opt/gcc-arm-none-eabi-10.3-2021.10/bin/../lib/gcc/arm-none-eabi/10.3.1/thumb/v7-m/nofp/crti.o
 .ARM.attributes
                0x000000000000001d       0x2d /opt/gcc-arm-none-eabi-10.3-2021.10/bin/../lib/gcc/arm-none-eabi/10.3.1/thumb/v7-m/nofp/crtbegin.o
 .ARM.attributes
                0x000000000000004a       0x2d CMakeFiles/magn.elf.dir/Core/Src/freertos.c.obj
 .ARM.attributes
                0x0000000000000077       0x2d CMakeFiles/magn.elf.dir/Core/Src/gpio.c.obj
 .ARM.attributes
                0x00000000000000a4       0x2d CMakeFiles/magn.elf.dir/Core/Src/i2c.c.obj
 .ARM.attributes
                0x00000000000000d1       0x2d CMakeFiles/magn.elf.dir/Core/Src/main.c.obj
 .ARM.attributes
                0x00000000000000fe       0x2d CMakeFiles/magn.elf.dir/Core/Src/stm32f1xx_hal_msp.c.obj
 .ARM.attributes
                0x000000000000012b       0x2d CMakeFiles/magn.elf.dir/Core/Src/stm32f1xx_hal_timebase_tim.c.obj
 .ARM.attributes
                0x0000000000000158       0x2d CMakeFiles/magn.elf.dir/Core/Src/stm32f1xx_it.c.obj
 .ARM.attributes
                0x0000000000000185       0x2d CMakeFiles/magn.elf.dir/Core/Src/sysmem.c.obj
 .ARM.attributes
                0x00000000000001b2       0x2d CMakeFiles/magn.elf.dir/Core/Src/system_stm32f1xx.c.obj
 .ARM.attributes
                0x00000000000001df       0x2d CMakeFiles/magn.elf.dir/Core/Src/usart.c.obj
 .ARM.attributes
                0x000000000000020c       0x21 CMakeFiles/magn.elf.dir/Core/Startup/startup_stm32f103retx.s.obj
 .ARM.attributes
                0x000000000000022d       0x2d CMakeFiles/magn.elf.dir/Drivers/STM32F1xx_HAL_Driver/Src/stm32f1xx_hal.c.obj
 .ARM.attributes
                0x000000000000025a       0x2d CMakeFiles/magn.elf.dir/Drivers/STM32F1xx_HAL_Driver/Src/stm32f1xx_hal_cortex.c.obj
 .ARM.attributes
                0x0000000000000287       0x2d CMakeFiles/magn.elf.dir/Drivers/STM32F1xx_HAL_Driver/Src/stm32f1xx_hal_gpio.c.obj
 .ARM.attributes
                0x00000000000002b4       0x2d CMakeFiles/magn.elf.dir/Drivers/STM32F1xx_HAL_Driver/Src/stm32f1xx_hal_i2c.c.obj
 .ARM.attributes
                0x00000000000002e1       0x2d CMakeFiles/magn.elf.dir/Drivers/STM32F1xx_HAL_Driver/Src/stm32f1xx_hal_rcc.c.obj
 .ARM.attributes
                0x000000000000030e       0x2d CMakeFiles/magn.elf.dir/Drivers/STM32F1xx_HAL_Driver/Src/stm32f1xx_hal_tim.c.obj
 .ARM.attributes
                0x000000000000033b       0x2d CMakeFiles/magn.elf.dir/Drivers/STM32F1xx_HAL_Driver/Src/stm32f1xx_hal_tim_ex.c.obj
 .ARM.attributes
                0x0000000000000368       0x2d CMakeFiles/magn.elf.dir/Drivers/STM32F1xx_HAL_Driver/Src/stm32f1xx_ll_exti.c.obj
 .ARM.attributes
                0x0000000000000395       0x2d CMakeFiles/magn.elf.dir/Drivers/STM32F1xx_HAL_Driver/Src/stm32f1xx_ll_gpio.c.obj
 .ARM.attributes
                0x00000000000003c2       0x2d CMakeFiles/magn.elf.dir/Drivers/STM32F1xx_HAL_Driver/Src/stm32f1xx_ll_rcc.c.obj
 .ARM.attributes
                0x00000000000003ef       0x2d CMakeFiles/magn.elf.dir/Drivers/STM32F1xx_HAL_Driver/Src/stm32f1xx_ll_usart.c.obj
 .ARM.attributes
                0x000000000000041c       0x2d CMakeFiles/magn.elf.dir/Drivers/STM32F1xx_HAL_Driver/Src/stm32f1xx_ll_utils.c.obj
 .ARM.attributes
                0x0000000000000449       0x2d CMakeFiles/magn.elf.dir/Middlewares/Third_Party/FreeRTOS/Source/CMSIS_RTOS_V2/cmsis_os2.c.obj
 .ARM.attributes
                0x0000000000000476       0x2d CMakeFiles/magn.elf.dir/Middlewares/Third_Party/FreeRTOS/Source/list.c.obj
 .ARM.attributes
                0x00000000000004a3       0x2d CMakeFiles/magn.elf.dir/Middlewares/Third_Party/FreeRTOS/Source/portable/GCC/ARM_CM3/port.c.obj
 .ARM.attributes
                0x00000000000004d0       0x2d CMakeFiles/magn.elf.dir/Middlewares/Third_Party/FreeRTOS/Source/portable/MemMang/heap_4.c.obj
 .ARM.attributes
                0x00000000000004fd       0x2d CMakeFiles/magn.elf.dir/Middlewares/Third_Party/FreeRTOS/Source/queue.c.obj
 .ARM.attributes
                0x000000000000052a       0x2d CMakeFiles/magn.elf.dir/Middlewares/Third_Party/FreeRTOS/Source/tasks.c.obj
 .ARM.attributes
                0x0000000000000557       0x2d CMakeFiles/magn.elf.dir/Middlewares/Third_Party/FreeRTOS/Source/timers.c.obj
 .ARM.attributes
                0x0000000000000584       0x2d /opt/gcc-arm-none-eabi-10.3-2021.10/bin/../lib/gcc/arm-none-eabi/10.3.1/../../../../arm-none-eabi/lib/thumb/v7-m/nofp/libg.a(lib_a-errno.o)
 .ARM.attributes
                0x00000000000005b1       0x2d /opt/gcc-arm-none-eabi-10.3-2021.10/bin/../lib/gcc/arm-none-eabi/10.3.1/../../../../arm-none-eabi/lib/thumb/v7-m/nofp/libg.a(lib_a-impure.o)
 .ARM.attributes
                0x00000000000005de       0x2d /opt/gcc-arm-none-eabi-10.3-2021.10/bin/../lib/gcc/arm-none-eabi/10.3.1/../../../../arm-none-eabi/lib/thumb/v7-m/nofp/libg.a(lib_a-init.o)
 .ARM.attributes
                0x000000000000060b       0x1b /opt/gcc-arm-none-eabi-10.3-2021.10/bin/../lib/gcc/arm-none-eabi/10.3.1/../../../../arm-none-eabi/lib/thumb/v7-m/nofp/libg.a(lib_a-memcpy.o)
 .ARM.attributes
                0x0000000000000626       0x2d /opt/gcc-arm-none-eabi-10.3-2021.10/bin/../lib/gcc/arm-none-eabi/10.3.1/../../../../arm-none-eabi/lib/thumb/v7-m/nofp/libg.a(lib_a-memset.o)
 .ARM.attributes
                0x0000000000000653       0x2d /opt/gcc-arm-none-eabi-10.3-2021.10/bin/../lib/gcc/arm-none-eabi/10.3.1/../../../../arm-none-eabi/lib/thumb/v7-m/nofp/libg.a(lib_a-reent.o)
 .ARM.attributes
                0x0000000000000680       0x2d /opt/gcc-arm-none-eabi-10.3-2021.10/bin/../lib/gcc/arm-none-eabi/10.3.1/../../../../arm-none-eabi/lib/thumb/v7-m/nofp/libg.a(lib_a-__call_atexit.o)
 .ARM.attributes
                0x00000000000006ad       0x2d /opt/gcc-arm-none-eabi-10.3-2021.10/bin/../lib/gcc/arm-none-eabi/10.3.1/../../../../arm-none-eabi/lib/thumb/v7-m/nofp/libg.a(lib_a-atexit.o)
 .ARM.attributes
                0x00000000000006da       0x2d /opt/gcc-arm-none-eabi-10.3-2021.10/bin/../lib/gcc/arm-none-eabi/10.3.1/../../../../arm-none-eabi/lib/thumb/v7-m/nofp/libg.a(lib_a-fini.o)
 .ARM.attributes
                0x0000000000000707       0x2d /opt/gcc-arm-none-eabi-10.3-2021.10/bin/../lib/gcc/arm-none-eabi/10.3.1/../../../../arm-none-eabi/lib/thumb/v7-m/nofp/libg.a(lib_a-freer.o)
 .ARM.attributes
                0x0000000000000734       0x2d /opt/gcc-arm-none-eabi-10.3-2021.10/bin/../lib/gcc/arm-none-eabi/10.3.1/../../../../arm-none-eabi/lib/thumb/v7-m/nofp/libg.a(lib_a-lock.o)
 .ARM.attributes
                0x0000000000000761       0x2d /opt/gcc-arm-none-eabi-10.3-2021.10/bin/../lib/gcc/arm-none-eabi/10.3.1/../../../../arm-none-eabi/lib/thumb/v7-m/nofp/libg.a(lib_a-mallocr.o)
 .ARM.attributes
                0x000000000000078e       0x2d /opt/gcc-arm-none-eabi-10.3-2021.10/bin/../lib/gcc/arm-none-eabi/10.3.1/../../../../arm-none-eabi/lib/thumb/v7-m/nofp/libg.a(lib_a-mlock.o)
 .ARM.attributes
                0x00000000000007bb       0x2d /opt/gcc-arm-none-eabi-10.3-2021.10/bin/../lib/gcc/arm-none-eabi/10.3.1/../../../../arm-none-eabi/lib/thumb/v7-m/nofp/libg.a(lib_a-sbrkr.o)
 .ARM.attributes
                0x00000000000007e8       0x2d /opt/gcc-arm-none-eabi-10.3-2021.10/bin/../lib/gcc/arm-none-eabi/10.3.1/../../../../arm-none-eabi/lib/thumb/v7-m/nofp/libg.a(lib_a-__atexit.o)
 .ARM.attributes
                0x0000000000000815       0x1d /opt/gcc-arm-none-eabi-10.3-2021.10/bin/../lib/gcc/arm-none-eabi/10.3.1/thumb/v7-m/nofp/crtn.o
OUTPUT(magn.elf elf32-littlearm)
LOAD linker stubs
LOAD /opt/gcc-arm-none-eabi-10.3-2021.10/bin/../lib/gcc/arm-none-eabi/10.3.1/../../../../arm-none-eabi/lib/thumb/v7-m/nofp/libc.a
LOAD /opt/gcc-arm-none-eabi-10.3-2021.10/bin/../lib/gcc/arm-none-eabi/10.3.1/../../../../arm-none-eabi/lib/thumb/v7-m/nofp/libm.a
LOAD /opt/gcc-arm-none-eabi-10.3-2021.10/bin/../lib/gcc/arm-none-eabi/10.3.1/thumb/v7-m/nofp/libgcc.a

.debug_info     0x0000000000000000    0x20022
 .debug_info    0x0000000000000000      0x4b5 CMakeFiles/magn.elf.dir/Core/Src/freertos.c.obj
 .debug_info    0x00000000000004b5      0x6aa CMakeFiles/magn.elf.dir/Core/Src/gpio.c.obj
 .debug_info    0x0000000000000b5f      0x8cd CMakeFiles/magn.elf.dir/Core/Src/i2c.c.obj
 .debug_info    0x000000000000142c      0xbdc CMakeFiles/magn.elf.dir/Core/Src/main.c.obj
 .debug_info    0x0000000000002008      0x433 CMakeFiles/magn.elf.dir/Core/Src/stm32f1xx_hal_msp.c.obj
 .debug_info    0x000000000000243b      0xa75 CMakeFiles/magn.elf.dir/Core/Src/stm32f1xx_hal_timebase_tim.c.obj
 .debug_info    0x0000000000002eb0      0x6ef CMakeFiles/magn.elf.dir/Core/Src/stm32f1xx_it.c.obj
 .debug_info    0x000000000000359f      0x174 CMakeFiles/magn.elf.dir/Core/Src/sysmem.c.obj
 .debug_info    0x0000000000003713      0x248 CMakeFiles/magn.elf.dir/Core/Src/system_stm32f1xx.c.obj
 .debug_info    0x000000000000395b      0x50a CMakeFiles/magn.elf.dir/Core/Src/usart.c.obj
 .debug_info    0x0000000000003e65       0x22 CMakeFiles/magn.elf.dir/Core/Startup/startup_stm32f103retx.s.obj
 .debug_info    0x0000000000003e87      0x80e CMakeFiles/magn.elf.dir/Drivers/STM32F1xx_HAL_Driver/Src/stm32f1xx_hal.c.obj
 .debug_info    0x0000000000004695      0xdf0 CMakeFiles/magn.elf.dir/Drivers/STM32F1xx_HAL_Driver/Src/stm32f1xx_hal_cortex.c.obj
 .debug_info    0x0000000000005485      0x66f CMakeFiles/magn.elf.dir/Drivers/STM32F1xx_HAL_Driver/Src/stm32f1xx_hal_gpio.c.obj
 .debug_info    0x0000000000005af4     0x3a6b CMakeFiles/magn.elf.dir/Drivers/STM32F1xx_HAL_Driver/Src/stm32f1xx_hal_i2c.c.obj
 .debug_info    0x000000000000955f      0xa36 CMakeFiles/magn.elf.dir/Drivers/STM32F1xx_HAL_Driver/Src/stm32f1xx_hal_rcc.c.obj
 .debug_info    0x0000000000009f95     0x3b00 CMakeFiles/magn.elf.dir/Drivers/STM32F1xx_HAL_Driver/Src/stm32f1xx_hal_tim.c.obj
 .debug_info    0x000000000000da95     0x19e9 CMakeFiles/magn.elf.dir/Drivers/STM32F1xx_HAL_Driver/Src/stm32f1xx_hal_tim_ex.c.obj
 .debug_info    0x000000000000f47e      0x521 CMakeFiles/magn.elf.dir/Drivers/STM32F1xx_HAL_Driver/Src/stm32f1xx_ll_exti.c.obj
 .debug_info    0x000000000000f99f      0x948 CMakeFiles/magn.elf.dir/Drivers/STM32F1xx_HAL_Driver/Src/stm32f1xx_ll_gpio.c.obj
 .debug_info    0x00000000000102e7      0x785 CMakeFiles/magn.elf.dir/Drivers/STM32F1xx_HAL_Driver/Src/stm32f1xx_ll_rcc.c.obj
 .debug_info    0x0000000000010a6c      0x837 CMakeFiles/magn.elf.dir/Drivers/STM32F1xx_HAL_Driver/Src/stm32f1xx_ll_usart.c.obj
 .debug_info    0x00000000000112a3      0xb47 CMakeFiles/magn.elf.dir/Drivers/STM32F1xx_HAL_Driver/Src/stm32f1xx_ll_utils.c.obj
 .debug_info    0x0000000000011dea     0x539a CMakeFiles/magn.elf.dir/Middlewares/Third_Party/FreeRTOS/Source/CMSIS_RTOS_V2/cmsis_os2.c.obj
 .debug_info    0x0000000000017184      0x2da CMakeFiles/magn.elf.dir/Middlewares/Third_Party/FreeRTOS/Source/list.c.obj
 .debug_info    0x000000000001745e      0x52b CMakeFiles/magn.elf.dir/Middlewares/Third_Party/FreeRTOS/Source/portable/GCC/ARM_CM3/port.c.obj
 .debug_info    0x0000000000017989      0x471 CMakeFiles/magn.elf.dir/Middlewares/Third_Party/FreeRTOS/Source/portable/MemMang/heap_4.c.obj
 .debug_info    0x0000000000017dfa     0x2733 CMakeFiles/magn.elf.dir/Middlewares/Third_Party/FreeRTOS/Source/queue.c.obj
 .debug_info    0x000000000001a52d     0x390b CMakeFiles/magn.elf.dir/Middlewares/Third_Party/FreeRTOS/Source/tasks.c.obj
 .debug_info    0x000000000001de38     0x21ea CMakeFiles/magn.elf.dir/Middlewares/Third_Party/FreeRTOS/Source/timers.c.obj

.debug_abbrev   0x0000000000000000     0x427c
 .debug_abbrev  0x0000000000000000      0x182 CMakeFiles/magn.elf.dir/Core/Src/freertos.c.obj
 .debug_abbrev  0x0000000000000182      0x220 CMakeFiles/magn.elf.dir/Core/Src/gpio.c.obj
 .debug_abbrev  0x00000000000003a2      0x1eb CMakeFiles/magn.elf.dir/Core/Src/i2c.c.obj
 .debug_abbrev  0x000000000000058d      0x253 CMakeFiles/magn.elf.dir/Core/Src/main.c.obj
 .debug_abbrev  0x00000000000007e0      0x145 CMakeFiles/magn.elf.dir/Core/Src/stm32f1xx_hal_msp.c.obj
 .debug_abbrev  0x0000000000000925      0x1ec CMakeFiles/magn.elf.dir/Core/Src/stm32f1xx_hal_timebase_tim.c.obj
 .debug_abbrev  0x0000000000000b11      0x191 CMakeFiles/magn.elf.dir/Core/Src/stm32f1xx_it.c.obj
 .debug_abbrev  0x0000000000000ca2       0xe7 CMakeFiles/magn.elf.dir/Core/Src/sysmem.c.obj
 .debug_abbrev  0x0000000000000d89      0x13e CMakeFiles/magn.elf.dir/Core/Src/system_stm32f1xx.c.obj
 .debug_abbrev  0x0000000000000ec7      0x1a6 CMakeFiles/magn.elf.dir/Core/Src/usart.c.obj
 .debug_abbrev  0x000000000000106d       0x12 CMakeFiles/magn.elf.dir/Core/Startup/startup_stm32f103retx.s.obj
 .debug_abbrev  0x000000000000107f      0x1f4 CMakeFiles/magn.elf.dir/Drivers/STM32F1xx_HAL_Driver/Src/stm32f1xx_hal.c.obj
 .debug_abbrev  0x0000000000001273      0x341 CMakeFiles/magn.elf.dir/Drivers/STM32F1xx_HAL_Driver/Src/stm32f1xx_hal_cortex.c.obj
 .debug_abbrev  0x00000000000015b4      0x1e6 CMakeFiles/magn.elf.dir/Drivers/STM32F1xx_HAL_Driver/Src/stm32f1xx_hal_gpio.c.obj
 .debug_abbrev  0x000000000000179a      0x293 CMakeFiles/magn.elf.dir/Drivers/STM32F1xx_HAL_Driver/Src/stm32f1xx_hal_i2c.c.obj
 .debug_abbrev  0x0000000000001a2d      0x27a CMakeFiles/magn.elf.dir/Drivers/STM32F1xx_HAL_Driver/Src/stm32f1xx_hal_rcc.c.obj
 .debug_abbrev  0x0000000000001ca7      0x23e CMakeFiles/magn.elf.dir/Drivers/STM32F1xx_HAL_Driver/Src/stm32f1xx_hal_tim.c.obj
 .debug_abbrev  0x0000000000001ee5      0x241 CMakeFiles/magn.elf.dir/Drivers/STM32F1xx_HAL_Driver/Src/stm32f1xx_hal_tim_ex.c.obj
 .debug_abbrev  0x0000000000002126      0x1d7 CMakeFiles/magn.elf.dir/Drivers/STM32F1xx_HAL_Driver/Src/stm32f1xx_ll_exti.c.obj
 .debug_abbrev  0x00000000000022fd      0x24a CMakeFiles/magn.elf.dir/Drivers/STM32F1xx_HAL_Driver/Src/stm32f1xx_ll_gpio.c.obj
 .debug_abbrev  0x0000000000002547      0x295 CMakeFiles/magn.elf.dir/Drivers/STM32F1xx_HAL_Driver/Src/stm32f1xx_ll_rcc.c.obj
 .debug_abbrev  0x00000000000027dc      0x289 CMakeFiles/magn.elf.dir/Drivers/STM32F1xx_HAL_Driver/Src/stm32f1xx_ll_usart.c.obj
 .debug_abbrev  0x0000000000002a65      0x2b9 CMakeFiles/magn.elf.dir/Drivers/STM32F1xx_HAL_Driver/Src/stm32f1xx_ll_utils.c.obj
 .debug_abbrev  0x0000000000002d1e      0x495 CMakeFiles/magn.elf.dir/Middlewares/Third_Party/FreeRTOS/Source/CMSIS_RTOS_V2/cmsis_os2.c.obj
 .debug_abbrev  0x00000000000031b3      0x106 CMakeFiles/magn.elf.dir/Middlewares/Third_Party/FreeRTOS/Source/list.c.obj
 .debug_abbrev  0x00000000000032b9      0x27e CMakeFiles/magn.elf.dir/Middlewares/Third_Party/FreeRTOS/Source/portable/GCC/ARM_CM3/port.c.obj
 .debug_abbrev  0x0000000000003537      0x238 CMakeFiles/magn.elf.dir/Middlewares/Third_Party/FreeRTOS/Source/portable/MemMang/heap_4.c.obj
 .debug_abbrev  0x000000000000376f      0x38c CMakeFiles/magn.elf.dir/Middlewares/Third_Party/FreeRTOS/Source/queue.c.obj
 .debug_abbrev  0x0000000000003afb      0x401 CMakeFiles/magn.elf.dir/Middlewares/Third_Party/FreeRTOS/Source/tasks.c.obj
 .debug_abbrev  0x0000000000003efc      0x380 CMakeFiles/magn.elf.dir/Middlewares/Third_Party/FreeRTOS/Source/timers.c.obj

.debug_loc      0x0000000000000000    0x17dec
 .debug_loc     0x0000000000000000       0x4a CMakeFiles/magn.elf.dir/Core/Src/freertos.c.obj
 .debug_loc     0x000000000000004a      0x1a5 CMakeFiles/magn.elf.dir/Core/Src/gpio.c.obj
 .debug_loc     0x00000000000001ef       0x67 CMakeFiles/magn.elf.dir/Core/Src/i2c.c.obj
 .debug_loc     0x0000000000000256       0xe2 CMakeFiles/magn.elf.dir/Core/Src/main.c.obj
 .debug_loc     0x0000000000000338       0x15 CMakeFiles/magn.elf.dir/Core/Src/stm32f1xx_hal_msp.c.obj
 .debug_loc     0x000000000000034d       0x89 CMakeFiles/magn.elf.dir/Core/Src/stm32f1xx_hal_timebase_tim.c.obj
 .debug_loc     0x00000000000003d6       0x64 CMakeFiles/magn.elf.dir/Core/Src/sysmem.c.obj
 .debug_loc     0x000000000000043a       0xff CMakeFiles/magn.elf.dir/Core/Src/system_stm32f1xx.c.obj
 .debug_loc     0x0000000000000539       0x62 CMakeFiles/magn.elf.dir/Core/Src/usart.c.obj
 .debug_loc     0x000000000000059b      0x141 CMakeFiles/magn.elf.dir/Drivers/STM32F1xx_HAL_Driver/Src/stm32f1xx_hal.c.obj
 .debug_loc     0x00000000000006dc      0x71f CMakeFiles/magn.elf.dir/Drivers/STM32F1xx_HAL_Driver/Src/stm32f1xx_hal_cortex.c.obj
 .debug_loc     0x0000000000000dfb      0x47d CMakeFiles/magn.elf.dir/Drivers/STM32F1xx_HAL_Driver/Src/stm32f1xx_hal_gpio.c.obj
 .debug_loc     0x0000000000001278     0x41a9 CMakeFiles/magn.elf.dir/Drivers/STM32F1xx_HAL_Driver/Src/stm32f1xx_hal_i2c.c.obj
 .debug_loc     0x0000000000005421      0x63e CMakeFiles/magn.elf.dir/Drivers/STM32F1xx_HAL_Driver/Src/stm32f1xx_hal_rcc.c.obj
 .debug_loc     0x0000000000005a5f     0x474c CMakeFiles/magn.elf.dir/Drivers/STM32F1xx_HAL_Driver/Src/stm32f1xx_hal_tim.c.obj
 .debug_loc     0x000000000000a1ab     0x1b12 CMakeFiles/magn.elf.dir/Drivers/STM32F1xx_HAL_Driver/Src/stm32f1xx_hal_tim_ex.c.obj
 .debug_loc     0x000000000000bcbd      0x2b3 CMakeFiles/magn.elf.dir/Drivers/STM32F1xx_HAL_Driver/Src/stm32f1xx_ll_exti.c.obj
 .debug_loc     0x000000000000bf70      0x55c CMakeFiles/magn.elf.dir/Drivers/STM32F1xx_HAL_Driver/Src/stm32f1xx_ll_gpio.c.obj
 .debug_loc     0x000000000000c4cc      0x2d3 CMakeFiles/magn.elf.dir/Drivers/STM32F1xx_HAL_Driver/Src/stm32f1xx_ll_rcc.c.obj
 .debug_loc     0x000000000000c79f      0x54b CMakeFiles/magn.elf.dir/Drivers/STM32F1xx_HAL_Driver/Src/stm32f1xx_ll_usart.c.obj
 .debug_loc     0x000000000000ccea      0x641 CMakeFiles/magn.elf.dir/Drivers/STM32F1xx_HAL_Driver/Src/stm32f1xx_ll_utils.c.obj
 .debug_loc     0x000000000000d32b     0x579d CMakeFiles/magn.elf.dir/Middlewares/Third_Party/FreeRTOS/Source/CMSIS_RTOS_V2/cmsis_os2.c.obj
 .debug_loc     0x0000000000012ac8       0xad CMakeFiles/magn.elf.dir/Middlewares/Third_Party/FreeRTOS/Source/list.c.obj
 .debug_loc     0x0000000000012b75       0xe8 CMakeFiles/magn.elf.dir/Middlewares/Third_Party/FreeRTOS/Source/portable/GCC/ARM_CM3/port.c.obj
 .debug_loc     0x0000000000012c5d      0x331 CMakeFiles/magn.elf.dir/Middlewares/Third_Party/FreeRTOS/Source/portable/MemMang/heap_4.c.obj
 .debug_loc     0x0000000000012f8e     0x19de CMakeFiles/magn.elf.dir/Middlewares/Third_Party/FreeRTOS/Source/queue.c.obj
 .debug_loc     0x000000000001496c     0x24f2 CMakeFiles/magn.elf.dir/Middlewares/Third_Party/FreeRTOS/Source/tasks.c.obj
 .debug_loc     0x0000000000016e5e      0xf8e CMakeFiles/magn.elf.dir/Middlewares/Third_Party/FreeRTOS/Source/timers.c.obj

.debug_aranges  0x0000000000000000     0x14e0
 .debug_aranges
                0x0000000000000000       0x30 CMakeFiles/magn.elf.dir/Core/Src/freertos.c.obj
 .debug_aranges
                0x0000000000000030       0x20 CMakeFiles/magn.elf.dir/Core/Src/gpio.c.obj
 .debug_aranges
                0x0000000000000050       0x30 CMakeFiles/magn.elf.dir/Core/Src/i2c.c.obj
 .debug_aranges
                0x0000000000000080       0x38 CMakeFiles/magn.elf.dir/Core/Src/main.c.obj
 .debug_aranges
                0x00000000000000b8       0x20 CMakeFiles/magn.elf.dir/Core/Src/stm32f1xx_hal_msp.c.obj
 .debug_aranges
                0x00000000000000d8       0x30 CMakeFiles/magn.elf.dir/Core/Src/stm32f1xx_hal_timebase_tim.c.obj
 .debug_aranges
                0x0000000000000108       0x50 CMakeFiles/magn.elf.dir/Core/Src/stm32f1xx_it.c.obj
 .debug_aranges
                0x0000000000000158       0x20 CMakeFiles/magn.elf.dir/Core/Src/sysmem.c.obj
 .debug_aranges
                0x0000000000000178       0x28 CMakeFiles/magn.elf.dir/Core/Src/system_stm32f1xx.c.obj
 .debug_aranges
                0x00000000000001a0       0x20 CMakeFiles/magn.elf.dir/Core/Src/usart.c.obj
 .debug_aranges
                0x00000000000001c0       0x28 CMakeFiles/magn.elf.dir/Core/Startup/startup_stm32f103retx.s.obj
 .debug_aranges
                0x00000000000001e8       0xe0 CMakeFiles/magn.elf.dir/Drivers/STM32F1xx_HAL_Driver/Src/stm32f1xx_hal.c.obj
 .debug_aranges
                0x00000000000002c8       0x90 CMakeFiles/magn.elf.dir/Drivers/STM32F1xx_HAL_Driver/Src/stm32f1xx_hal_cortex.c.obj
 .debug_aranges
                0x0000000000000358       0x58 CMakeFiles/magn.elf.dir/Drivers/STM32F1xx_HAL_Driver/Src/stm32f1xx_hal_gpio.c.obj
 .debug_aranges
                0x00000000000003b0      0x2a0 CMakeFiles/magn.elf.dir/Drivers/STM32F1xx_HAL_Driver/Src/stm32f1xx_hal_i2c.c.obj
 .debug_aranges
                0x0000000000000650       0x90 CMakeFiles/magn.elf.dir/Drivers/STM32F1xx_HAL_Driver/Src/stm32f1xx_hal_rcc.c.obj
 .debug_aranges
                0x00000000000006e0      0x3d0 CMakeFiles/magn.elf.dir/Drivers/STM32F1xx_HAL_Driver/Src/stm32f1xx_hal_tim.c.obj
 .debug_aranges
                0x0000000000000ab0      0x168 CMakeFiles/magn.elf.dir/Drivers/STM32F1xx_HAL_Driver/Src/stm32f1xx_hal_tim_ex.c.obj
 .debug_aranges
                0x0000000000000c18       0x30 CMakeFiles/magn.elf.dir/Drivers/STM32F1xx_HAL_Driver/Src/stm32f1xx_ll_exti.c.obj
 .debug_aranges
                0x0000000000000c48       0x30 CMakeFiles/magn.elf.dir/Drivers/STM32F1xx_HAL_Driver/Src/stm32f1xx_ll_gpio.c.obj
 .debug_aranges
                0x0000000000000c78       0x60 CMakeFiles/magn.elf.dir/Drivers/STM32F1xx_HAL_Driver/Src/stm32f1xx_ll_rcc.c.obj
 .debug_aranges
                0x0000000000000cd8       0x40 CMakeFiles/magn.elf.dir/Drivers/STM32F1xx_HAL_Driver/Src/stm32f1xx_ll_usart.c.obj
 .debug_aranges
                0x0000000000000d18       0x68 CMakeFiles/magn.elf.dir/Drivers/STM32F1xx_HAL_Driver/Src/stm32f1xx_ll_utils.c.obj
 .debug_aranges
                0x0000000000000d80      0x228 CMakeFiles/magn.elf.dir/Middlewares/Third_Party/FreeRTOS/Source/CMSIS_RTOS_V2/cmsis_os2.c.obj
 .debug_aranges
                0x0000000000000fa8       0x40 CMakeFiles/magn.elf.dir/Middlewares/Third_Party/FreeRTOS/Source/list.c.obj
 .debug_aranges
                0x0000000000000fe8       0x78 CMakeFiles/magn.elf.dir/Middlewares/Third_Party/FreeRTOS/Source/portable/GCC/ARM_CM3/port.c.obj
 .debug_aranges
                0x0000000000001060       0x50 CMakeFiles/magn.elf.dir/Middlewares/Third_Party/FreeRTOS/Source/portable/MemMang/heap_4.c.obj
 .debug_aranges
                0x00000000000010b0      0x158 CMakeFiles/magn.elf.dir/Middlewares/Third_Party/FreeRTOS/Source/queue.c.obj
 .debug_aranges
                0x0000000000001208      0x1f8 CMakeFiles/magn.elf.dir/Middlewares/Third_Party/FreeRTOS/Source/tasks.c.obj
 .debug_aranges
                0x0000000000001400       0xe0 CMakeFiles/magn.elf.dir/Middlewares/Third_Party/FreeRTOS/Source/timers.c.obj

.debug_ranges   0x0000000000000000     0x1728
 .debug_ranges  0x0000000000000000       0x20 CMakeFiles/magn.elf.dir/Core/Src/freertos.c.obj
 .debug_ranges  0x0000000000000020       0x10 CMakeFiles/magn.elf.dir/Core/Src/gpio.c.obj
 .debug_ranges  0x0000000000000030       0x20 CMakeFiles/magn.elf.dir/Core/Src/i2c.c.obj
 .debug_ranges  0x0000000000000050       0x28 CMakeFiles/magn.elf.dir/Core/Src/main.c.obj
 .debug_ranges  0x0000000000000078       0x10 CMakeFiles/magn.elf.dir/Core/Src/stm32f1xx_hal_msp.c.obj
 .debug_ranges  0x0000000000000088       0x20 CMakeFiles/magn.elf.dir/Core/Src/stm32f1xx_hal_timebase_tim.c.obj
 .debug_ranges  0x00000000000000a8       0x40 CMakeFiles/magn.elf.dir/Core/Src/stm32f1xx_it.c.obj
 .debug_ranges  0x00000000000000e8       0x10 CMakeFiles/magn.elf.dir/Core/Src/sysmem.c.obj
 .debug_ranges  0x00000000000000f8       0x18 CMakeFiles/magn.elf.dir/Core/Src/system_stm32f1xx.c.obj
 .debug_ranges  0x0000000000000110       0x10 CMakeFiles/magn.elf.dir/Core/Src/usart.c.obj
 .debug_ranges  0x0000000000000120       0x20 CMakeFiles/magn.elf.dir/Core/Startup/startup_stm32f103retx.s.obj
 .debug_ranges  0x0000000000000140       0xd0 CMakeFiles/magn.elf.dir/Drivers/STM32F1xx_HAL_Driver/Src/stm32f1xx_hal.c.obj
 .debug_ranges  0x0000000000000210       0xe0 CMakeFiles/magn.elf.dir/Drivers/STM32F1xx_HAL_Driver/Src/stm32f1xx_hal_cortex.c.obj
 .debug_ranges  0x00000000000002f0       0x48 CMakeFiles/magn.elf.dir/Drivers/STM32F1xx_HAL_Driver/Src/stm32f1xx_hal_gpio.c.obj
 .debug_ranges  0x0000000000000338      0x2a8 CMakeFiles/magn.elf.dir/Drivers/STM32F1xx_HAL_Driver/Src/stm32f1xx_hal_i2c.c.obj
 .debug_ranges  0x00000000000005e0       0xa0 CMakeFiles/magn.elf.dir/Drivers/STM32F1xx_HAL_Driver/Src/stm32f1xx_hal_rcc.c.obj
 .debug_ranges  0x0000000000000680      0x3c0 CMakeFiles/magn.elf.dir/Drivers/STM32F1xx_HAL_Driver/Src/stm32f1xx_hal_tim.c.obj
 .debug_ranges  0x0000000000000a40      0x158 CMakeFiles/magn.elf.dir/Drivers/STM32F1xx_HAL_Driver/Src/stm32f1xx_hal_tim_ex.c.obj
 .debug_ranges  0x0000000000000b98       0x50 CMakeFiles/magn.elf.dir/Drivers/STM32F1xx_HAL_Driver/Src/stm32f1xx_ll_exti.c.obj
 .debug_ranges  0x0000000000000be8       0xc8 CMakeFiles/magn.elf.dir/Drivers/STM32F1xx_HAL_Driver/Src/stm32f1xx_ll_gpio.c.obj
 .debug_ranges  0x0000000000000cb0       0x50 CMakeFiles/magn.elf.dir/Drivers/STM32F1xx_HAL_Driver/Src/stm32f1xx_ll_rcc.c.obj
 .debug_ranges  0x0000000000000d00       0xd8 CMakeFiles/magn.elf.dir/Drivers/STM32F1xx_HAL_Driver/Src/stm32f1xx_ll_usart.c.obj
 .debug_ranges  0x0000000000000dd8       0x58 CMakeFiles/magn.elf.dir/Drivers/STM32F1xx_HAL_Driver/Src/stm32f1xx_ll_utils.c.obj
 .debug_ranges  0x0000000000000e30      0x218 CMakeFiles/magn.elf.dir/Middlewares/Third_Party/FreeRTOS/Source/CMSIS_RTOS_V2/cmsis_os2.c.obj
 .debug_ranges  0x0000000000001048       0x30 CMakeFiles/magn.elf.dir/Middlewares/Third_Party/FreeRTOS/Source/list.c.obj
 .debug_ranges  0x0000000000001078       0x68 CMakeFiles/magn.elf.dir/Middlewares/Third_Party/FreeRTOS/Source/portable/GCC/ARM_CM3/port.c.obj
 .debug_ranges  0x00000000000010e0       0x40 CMakeFiles/magn.elf.dir/Middlewares/Third_Party/FreeRTOS/Source/portable/MemMang/heap_4.c.obj
 .debug_ranges  0x0000000000001120      0x218 CMakeFiles/magn.elf.dir/Middlewares/Third_Party/FreeRTOS/Source/queue.c.obj
 .debug_ranges  0x0000000000001338      0x320 CMakeFiles/magn.elf.dir/Middlewares/Third_Party/FreeRTOS/Source/tasks.c.obj
 .debug_ranges  0x0000000000001658       0xd0 CMakeFiles/magn.elf.dir/Middlewares/Third_Party/FreeRTOS/Source/timers.c.obj

.debug_line     0x0000000000000000    0x1b38c
 .debug_line    0x0000000000000000      0x2f2 CMakeFiles/magn.elf.dir/Core/Src/freertos.c.obj
 .debug_line    0x00000000000002f2      0x407 CMakeFiles/magn.elf.dir/Core/Src/gpio.c.obj
 .debug_line    0x00000000000006f9      0x389 CMakeFiles/magn.elf.dir/Core/Src/i2c.c.obj
 .debug_line    0x0000000000000a82      0x5f1 CMakeFiles/magn.elf.dir/Core/Src/main.c.obj
 .debug_line    0x0000000000001073      0x233 CMakeFiles/magn.elf.dir/Core/Src/stm32f1xx_hal_msp.c.obj
 .debug_line    0x00000000000012a6      0x306 CMakeFiles/magn.elf.dir/Core/Src/stm32f1xx_hal_timebase_tim.c.obj
 .debug_line    0x00000000000015ac      0x314 CMakeFiles/magn.elf.dir/Core/Src/stm32f1xx_it.c.obj
 .debug_line    0x00000000000018c0      0x1ca CMakeFiles/magn.elf.dir/Core/Src/sysmem.c.obj
 .debug_line    0x0000000000001a8a      0x276 CMakeFiles/magn.elf.dir/Core/Src/system_stm32f1xx.c.obj
 .debug_line    0x0000000000001d00      0x31c CMakeFiles/magn.elf.dir/Core/Src/usart.c.obj
 .debug_line    0x000000000000201c       0xb9 CMakeFiles/magn.elf.dir/Core/Startup/startup_stm32f103retx.s.obj
 .debug_line    0x00000000000020d5      0x5c8 CMakeFiles/magn.elf.dir/Drivers/STM32F1xx_HAL_Driver/Src/stm32f1xx_hal.c.obj
 .debug_line    0x000000000000269d      0x69e CMakeFiles/magn.elf.dir/Drivers/STM32F1xx_HAL_Driver/Src/stm32f1xx_hal_cortex.c.obj
 .debug_line    0x0000000000002d3b      0x65c CMakeFiles/magn.elf.dir/Drivers/STM32F1xx_HAL_Driver/Src/stm32f1xx_hal_gpio.c.obj
 .debug_line    0x0000000000003397     0x55b4 CMakeFiles/magn.elf.dir/Drivers/STM32F1xx_HAL_Driver/Src/stm32f1xx_hal_i2c.c.obj
 .debug_line    0x000000000000894b      0xc91 CMakeFiles/magn.elf.dir/Drivers/STM32F1xx_HAL_Driver/Src/stm32f1xx_hal_rcc.c.obj
 .debug_line    0x00000000000095dc     0x47a2 CMakeFiles/magn.elf.dir/Drivers/STM32F1xx_HAL_Driver/Src/stm32f1xx_hal_tim.c.obj
 .debug_line    0x000000000000dd7e     0x1c2b CMakeFiles/magn.elf.dir/Drivers/STM32F1xx_HAL_Driver/Src/stm32f1xx_hal_tim_ex.c.obj
 .debug_line    0x000000000000f9a9      0x430 CMakeFiles/magn.elf.dir/Drivers/STM32F1xx_HAL_Driver/Src/stm32f1xx_ll_exti.c.obj
 .debug_line    0x000000000000fdd9      0x6bd CMakeFiles/magn.elf.dir/Drivers/STM32F1xx_HAL_Driver/Src/stm32f1xx_ll_gpio.c.obj
 .debug_line    0x0000000000010496      0x631 CMakeFiles/magn.elf.dir/Drivers/STM32F1xx_HAL_Driver/Src/stm32f1xx_ll_rcc.c.obj
 .debug_line    0x0000000000010ac7      0x603 CMakeFiles/magn.elf.dir/Drivers/STM32F1xx_HAL_Driver/Src/stm32f1xx_ll_usart.c.obj
 .debug_line    0x00000000000110ca      0x7fd CMakeFiles/magn.elf.dir/Drivers/STM32F1xx_HAL_Driver/Src/stm32f1xx_ll_utils.c.obj
 .debug_line    0x00000000000118c7     0x2e36 CMakeFiles/magn.elf.dir/Middlewares/Third_Party/FreeRTOS/Source/CMSIS_RTOS_V2/cmsis_os2.c.obj
 .debug_line    0x00000000000146fd      0x3d9 CMakeFiles/magn.elf.dir/Middlewares/Third_Party/FreeRTOS/Source/list.c.obj
 .debug_line    0x0000000000014ad6      0x68a CMakeFiles/magn.elf.dir/Middlewares/Third_Party/FreeRTOS/Source/portable/GCC/ARM_CM3/port.c.obj
 .debug_line    0x0000000000015160      0x6c6 CMakeFiles/magn.elf.dir/Middlewares/Third_Party/FreeRTOS/Source/portable/MemMang/heap_4.c.obj
 .debug_line    0x0000000000015826     0x206a CMakeFiles/magn.elf.dir/Middlewares/Third_Party/FreeRTOS/Source/queue.c.obj
 .debug_line    0x0000000000017890     0x2c9d CMakeFiles/magn.elf.dir/Middlewares/Third_Party/FreeRTOS/Source/tasks.c.obj
 .debug_line    0x000000000001a52d      0xe5f CMakeFiles/magn.elf.dir/Middlewares/Third_Party/FreeRTOS/Source/timers.c.obj

.debug_str      0x0000000000000000     0x7dfe
 .debug_str     0x0000000000000000      0x6f5 CMakeFiles/magn.elf.dir/Core/Src/freertos.c.obj
                                        0x748 (size before relaxing)
 .debug_str     0x00000000000006f5      0x1e0 CMakeFiles/magn.elf.dir/Core/Src/gpio.c.obj
                                        0x404 (size before relaxing)
 .debug_str     0x00000000000008d5      0x4f2 CMakeFiles/magn.elf.dir/Core/Src/i2c.c.obj
                                        0x7ad (size before relaxing)
 .debug_str     0x0000000000000dc7      0x4d9 CMakeFiles/magn.elf.dir/Core/Src/main.c.obj
                                        0x981 (size before relaxing)
 .debug_str     0x00000000000012a0      0x42c CMakeFiles/magn.elf.dir/Core/Src/stm32f1xx_hal_msp.c.obj
                                        0x678 (size before relaxing)
 .debug_str     0x00000000000016cc      0x18c CMakeFiles/magn.elf.dir/Core/Src/stm32f1xx_hal_timebase_tim.c.obj
                                        0xc3a (size before relaxing)
 .debug_str     0x0000000000001858       0xd5 CMakeFiles/magn.elf.dir/Core/Src/stm32f1xx_it.c.obj
                                        0x767 (size before relaxing)
 .debug_str     0x000000000000192d       0xaf CMakeFiles/magn.elf.dir/Core/Src/sysmem.c.obj
                                        0x27e (size before relaxing)
 .debug_str     0x00000000000019dc       0xa0 CMakeFiles/magn.elf.dir/Core/Src/system_stm32f1xx.c.obj
                                        0x2ba (size before relaxing)
 .debug_str     0x0000000000001a7c      0x123 CMakeFiles/magn.elf.dir/Core/Src/usart.c.obj
                                        0x3e2 (size before relaxing)
 .debug_str     0x0000000000001b9f       0x68 CMakeFiles/magn.elf.dir/Core/Startup/startup_stm32f103retx.s.obj
                                         0xb3 (size before relaxing)
 .debug_str     0x0000000000001c07      0x2d1 CMakeFiles/magn.elf.dir/Drivers/STM32F1xx_HAL_Driver/Src/stm32f1xx_hal.c.obj
                                        0x96e (size before relaxing)
 .debug_str     0x0000000000001ed8      0x3db CMakeFiles/magn.elf.dir/Drivers/STM32F1xx_HAL_Driver/Src/stm32f1xx_hal_cortex.c.obj
                                        0xa1d (size before relaxing)
 .debug_str     0x00000000000022b3      0x174 CMakeFiles/magn.elf.dir/Drivers/STM32F1xx_HAL_Driver/Src/stm32f1xx_hal_gpio.c.obj
                                        0x466 (size before relaxing)
 .debug_str     0x0000000000002427      0x8ed CMakeFiles/magn.elf.dir/Drivers/STM32F1xx_HAL_Driver/Src/stm32f1xx_hal_i2c.c.obj
                                       0x101e (size before relaxing)
 .debug_str     0x0000000000002d14      0x2b6 CMakeFiles/magn.elf.dir/Drivers/STM32F1xx_HAL_Driver/Src/stm32f1xx_hal_rcc.c.obj
                                        0x691 (size before relaxing)
 .debug_str     0x0000000000002fca      0xed8 CMakeFiles/magn.elf.dir/Drivers/STM32F1xx_HAL_Driver/Src/stm32f1xx_hal_tim.c.obj
                                       0x169e (size before relaxing)
 .debug_str     0x0000000000003ea2      0x5c6 CMakeFiles/magn.elf.dir/Drivers/STM32F1xx_HAL_Driver/Src/stm32f1xx_hal_tim_ex.c.obj
                                        0xe9f (size before relaxing)
 .debug_str     0x0000000000004468      0x185 CMakeFiles/magn.elf.dir/Drivers/STM32F1xx_HAL_Driver/Src/stm32f1xx_ll_exti.c.obj
                                        0x3e7 (size before relaxing)
 .debug_str     0x00000000000045ed      0x118 CMakeFiles/magn.elf.dir/Drivers/STM32F1xx_HAL_Driver/Src/stm32f1xx_ll_gpio.c.obj
                                        0x3da (size before relaxing)
 .debug_str     0x0000000000004705      0x304 CMakeFiles/magn.elf.dir/Drivers/STM32F1xx_HAL_Driver/Src/stm32f1xx_ll_rcc.c.obj
                                        0x5b4 (size before relaxing)
 .debug_str     0x0000000000004a09      0x1da CMakeFiles/magn.elf.dir/Drivers/STM32F1xx_HAL_Driver/Src/stm32f1xx_ll_usart.c.obj
                                        0x55d (size before relaxing)
 .debug_str     0x0000000000004be3      0x24b CMakeFiles/magn.elf.dir/Drivers/STM32F1xx_HAL_Driver/Src/stm32f1xx_ll_utils.c.obj
                                        0x6ab (size before relaxing)
 .debug_str     0x0000000000004e2e     0x15c2 CMakeFiles/magn.elf.dir/Middlewares/Third_Party/FreeRTOS/Source/CMSIS_RTOS_V2/cmsis_os2.c.obj
                                       0x1d17 (size before relaxing)
 .debug_str     0x00000000000063f0      0x16b CMakeFiles/magn.elf.dir/Middlewares/Third_Party/FreeRTOS/Source/list.c.obj
                                        0x35b (size before relaxing)
 .debug_str     0x000000000000655b      0x272 CMakeFiles/magn.elf.dir/Middlewares/Third_Party/FreeRTOS/Source/portable/GCC/ARM_CM3/port.c.obj